Archive member included to satisfy reference by file (symbol)

.\CortexM3\ARM_GCC_541\Debug\FreeRTOS_Demo.a(UART_1.o)
                              .\CortexM3\ARM_GCC_541\Debug\main.o (UART_1_Start)
.\CortexM3\ARM_GCC_541\Debug\FreeRTOS_Demo.a(Pin_LED_0.o)
                              .\CortexM3\ARM_GCC_541\Debug\ParTest.o (Pin_LED_0_Write)
.\CortexM3\ARM_GCC_541\Debug\FreeRTOS_Demo.a(isr_UART1_TX_BYTE_COMPLETE.o)
                              .\CortexM3\ARM_GCC_541\Debug\Serial.o (isr_UART1_TX_BYTE_COMPLETE_StartEx)
.\CortexM3\ARM_GCC_541\Debug\FreeRTOS_Demo.a(isr_UART1_RX_BYTE_RECEIVED.o)
                              .\CortexM3\ARM_GCC_541\Debug\Serial.o (isr_UART1_RX_BYTE_RECEIVED_StartEx)
.\CortexM3\ARM_GCC_541\Debug\FreeRTOS_Demo.a(High_Frequency_PWM_0.o)
                              .\CortexM3\ARM_GCC_541\Debug\main.o (High_Frequency_PWM_0_Start)
.\CortexM3\ARM_GCC_541\Debug\FreeRTOS_Demo.a(isr_High_Frequency_2000Hz.o)
                              .\CortexM3\ARM_GCC_541\Debug\IntQueueTimer.o (isr_High_Frequency_2000Hz_StartEx)
.\CortexM3\ARM_GCC_541\Debug\FreeRTOS_Demo.a(USBUART.o)
                              .\CortexM3\ARM_GCC_541\Debug\USBSerial.o (USBUART_Start)
.\CortexM3\ARM_GCC_541\Debug\FreeRTOS_Demo.a(USBUART_cdc.o)
                              .\CortexM3\ARM_GCC_541\Debug\USBSerial.o (USBUART_CDC_Init)
.\CortexM3\ARM_GCC_541\Debug\FreeRTOS_Demo.a(USBUART_drv.o)
                              .\CortexM3\ARM_GCC_541\Debug\FreeRTOS_Demo.a(USBUART.o) (USBUART_EP)
.\CortexM3\ARM_GCC_541\Debug\FreeRTOS_Demo.a(USBUART_episr.o)
                              .\CortexM3\ARM_GCC_541\Debug\FreeRTOS_Demo.a(USBUART.o) (USBUART_EP_1_ISR)
.\CortexM3\ARM_GCC_541\Debug\FreeRTOS_Demo.a(USBUART_pm.o)
                              .\CortexM3\ARM_GCC_541\Debug\FreeRTOS_Demo.a(USBUART.o) (USBUART_DP_ISR)
.\CortexM3\ARM_GCC_541\Debug\FreeRTOS_Demo.a(USBUART_std.o)
                              .\CortexM3\ARM_GCC_541\Debug\FreeRTOS_Demo.a(USBUART_drv.o) (USBUART_HandleStandardRqst)
.\CortexM3\ARM_GCC_541\Debug\FreeRTOS_Demo.a(USBUART_vnd.o)
                              .\CortexM3\ARM_GCC_541\Debug\FreeRTOS_Demo.a(USBUART_drv.o) (USBUART_HandleVendorRqst)
.\CortexM3\ARM_GCC_541\Debug\FreeRTOS_Demo.a(High_Frequency_PWM_1.o)
                              .\CortexM3\ARM_GCC_541\Debug\main.o (High_Frequency_PWM_1_Start)
.\CortexM3\ARM_GCC_541\Debug\FreeRTOS_Demo.a(isr_High_Frequency_2001Hz.o)
                              .\CortexM3\ARM_GCC_541\Debug\IntQueueTimer.o (isr_High_Frequency_2001Hz_StartEx)
.\CortexM3\ARM_GCC_541\Debug\FreeRTOS_Demo.a(Timer_20KHz.o)
                              .\CortexM3\ARM_GCC_541\Debug\main.o (Timer_20KHz_Start)
.\CortexM3\ARM_GCC_541\Debug\FreeRTOS_Demo.a(isrTimer_20KHz_TC.o)
                              .\CortexM3\ARM_GCC_541\Debug\TimerTest.o (isrTimer_20KHz_TC_StartEx)
.\CortexM3\ARM_GCC_541\Debug\FreeRTOS_Demo.a(Timer_48MHz.o)
                              .\CortexM3\ARM_GCC_541\Debug\main.o (Timer_48MHz_Start)
.\CortexM3\ARM_GCC_541\Debug\FreeRTOS_Demo.a(UART_1_IntClock.o)
                              .\CortexM3\ARM_GCC_541\Debug\FreeRTOS_Demo.a(UART_1.o) (UART_1_IntClock_Start)
.\CortexM3\ARM_GCC_541\Debug\FreeRTOS_Demo.a(USBUART_Dp.o)
                              .\CortexM3\ARM_GCC_541\Debug\FreeRTOS_Demo.a(USBUART.o) (USBUART_Dp_ClearInterrupt)
.\CortexM3\ARM_GCC_541\Debug\FreeRTOS_Demo.a(CyLib.o)
                              .\CortexM3\ARM_GCC_541\Debug\Cm3Start.o (CyResetStatus)
.\CortexM3\ARM_GCC_541\Debug\FreeRTOS_Demo.a(cyPm.o)
                              .\CortexM3\ARM_GCC_541\Debug\FreeRTOS_Demo.a(CyLib.o) (CyPmReadStatus)
.\CortexM3\ARM_GCC_541\Debug\FreeRTOS_Demo.a(CyScBoostClk.o)
                              .\CortexM3\ARM_GCC_541\Debug\FreeRTOS_Demo.a(CyLib.o) (CyScBoostClk_Start)
.\CortexM3\ARM_GCC_541\Debug\FreeRTOS_Demo.a(CyBootAsmGnu.o)
                              .\CortexM3\ARM_GCC_541\Debug\cyfitter_cfg.o (CyDelayCycles)
.\CortexM3\ARM_GCC_541\Debug\FreeRTOS_Demo.a(USBUART_cls.o)
                              .\CortexM3\ARM_GCC_541\Debug\FreeRTOS_Demo.a(USBUART_drv.o) (USBUART_DispatchClassRqst)
.\CortexM3\ARM_GCC_541\Debug\FreeRTOS_Demo.a(USBUART_descr.o)
                              .\CortexM3\ARM_GCC_541\Debug\FreeRTOS_Demo.a(USBUART_std.o) (USBUART_DEVICE0_DESCR)
.\CortexM3\ARM_GCC_541\Debug\FreeRTOS_Demo.a(CyFlash.o)
                              .\CortexM3\ARM_GCC_541\Debug\FreeRTOS_Demo.a(cyPm.o) (CyFlash_SetWaitCycles)
.\CortexM3\ARM_GCC_541\Debug\FreeRTOS_Demo.a(CySpc.o)
                              .\CortexM3\ARM_GCC_541\Debug\FreeRTOS_Demo.a(CyFlash.o) (CySpcStart)
c:/program files (x86)/cypress/psoc creator/4.4/psoc creator/import/gnu/arm/5.4.1/bin/../lib/gcc/arm-none-eabi/5.4.1/armv7-m\libgcc.a(_arm_addsubdf3.o)
                              .\CortexM3\ARM_GCC_541\Debug\flop.o (__aeabi_dsub)
[...]
Memory Configuration

Name             Origin             Length             Attributes
rom              0x00000000         0x00040000         xr
ram              0x1fff8000         0x00010000         xrw
*default*        0x00000000         0xffffffff

Linker script and memory map

LOAD c:/program files (x86)/cypress/psoc creator/4.4/psoc creator/import/gnu/arm/5.4.1/bin/../lib/gcc/arm-none-eabi/5.4.1/armv7-m/crti.o
LOAD c:/program files (x86)/cypress/psoc creator/4.4/psoc creator/import/gnu/arm/5.4.1/bin/../lib/gcc/arm-none-eabi/5.4.1/armv7-m/crtbegin.o
LOAD c:/program files (x86)/cypress/psoc creator/4.4/psoc creator/import/gnu/arm/5.4.1/bin/../lib/gcc/arm-none-eabi/5.4.1/../../../../arm-none-eabi/lib/armv7-m/crt0.o
START GROUP
LOAD .\CortexM3\ARM_GCC_541\Debug\IntSemTest.o
LOAD .\CortexM3\ARM_GCC_541\Debug\PollQ.o
LOAD .\CortexM3\ARM_GCC_541\Debug\QPeek.o
LOAD .\CortexM3\ARM_GCC_541\Debug\semtest.o
LOAD .\CortexM3\ARM_GCC_541\Debug\BlockQ.o
LOAD .\CortexM3\ARM_GCC_541\Debug\blocktim.o
LOAD .\CortexM3\ARM_GCC_541\Debug\comtest.o
LOAD .\CortexM3\ARM_GCC_541\Debug\countsem.o
LOAD .\CortexM3\ARM_GCC_541\Debug\death.o
LOAD .\CortexM3\ARM_GCC_541\Debug\dynamic.o
LOAD .\CortexM3\ARM_GCC_541\Debug\flash.o
LOAD .\CortexM3\ARM_GCC_541\Debug\flop.o
LOAD .\CortexM3\ARM_GCC_541\Debug\GenQTest.o
LOAD .\CortexM3\ARM_GCC_541\Debug\integer.o
LOAD .\CortexM3\ARM_GCC_541\Debug\IntQueue.o
LOAD .\CortexM3\ARM_GCC_541\Debug\tasks.o
LOAD .\CortexM3\ARM_GCC_541\Debug\croutine.o
LOAD .\CortexM3\ARM_GCC_541\Debug\list.o
LOAD .\CortexM3\ARM_GCC_541\Debug\queue.o
LOAD .\CortexM3\ARM_GCC_541\Debug\heap_2.o
LOAD .\CortexM3\ARM_GCC_541\Debug\port.o
LOAD .\CortexM3\ARM_GCC_541\Debug\IntQueueTimer.o
LOAD .\CortexM3\ARM_GCC_541\Debug\main.o
LOAD .\CortexM3\ARM_GCC_541\Debug\ParTest.o
LOAD .\CortexM3\ARM_GCC_541\Debug\Serial.o
LOAD .\CortexM3\ARM_GCC_541\Debug\TimerTest.o
LOAD .\CortexM3\ARM_GCC_541\Debug\xformatc.o
LOAD .\CortexM3\ARM_GCC_541\Debug\USBSerial.o
LOAD .\CortexM3\ARM_GCC_541\Debug\cyfitter_cfg.o
LOAD .\CortexM3\ARM_GCC_541\Debug\cymetadata.o
LOAD .\CortexM3\ARM_GCC_541\Debug\Cm3Start.o
LOAD .\CortexM3\ARM_GCC_541\Debug\FreeRTOS_Demo.a
LOAD C:\Program Files (x86)\Cypress\PSoC Creator\4.4\PSoC Creator\psoc\content\cycomponentlibrary\CyComponentLibrary.cylib\CortexM3\ARM_GCC_541\Debug\CyComponentLibrary.a
END GROUP
START GROUP
LOAD c:/program files (x86)/cypress/psoc creator/4.4/psoc creator/import/gnu/arm/5.4.1/bin/../lib/gcc/arm-none-eabi/5.4.1/armv7-m\libgcc.a
LOAD c:/program files (x86)/cypress/psoc creator/4.4/psoc creator/import/gnu/arm/5.4.1/bin/../lib/gcc/arm-none-eabi/5.4.1/../../../../arm-none-eabi/lib/armv7-m\libg_nano.a
LOAD c:/program files (x86)/cypress/psoc creator/4.4/psoc creator/import/gnu/arm/5.4.1/bin/../lib/gcc/arm-none-eabi/5.4.1/../../../../arm-none-eabi/lib/armv7-m\libc_nano.a
END GROUP
START GROUP
LOAD c:/program files (x86)/cypress/psoc creator/4.4/psoc creator/import/gnu/arm/5.4.1/bin/../lib/gcc/arm-none-eabi/5.4.1/armv7-m\libgcc.a
LOAD c:/program files (x86)/cypress/psoc creator/4.4/psoc creator/import/gnu/arm/5.4.1/bin/../lib/gcc/arm-none-eabi/5.4.1/../../../../arm-none-eabi/lib/armv7-m\libc_nano.a
END GROUP
LOAD c:/program files (x86)/cypress/psoc creator/4.4/psoc creator/import/gnu/arm/5.4.1/bin/../lib/gcc/arm-none-eabi/5.4.1/armv7-m/crtend.o
LOAD c:/program files (x86)/cypress/psoc creator/4.4/psoc creator/import/gnu/arm/5.4.1/bin/../lib/gcc/arm-none-eabi/5.4.1/armv7-m/crtn.o
START GROUP
LOAD c:/program files (x86)/cypress/psoc creator/4.4/psoc creator/import/gnu/arm/5.4.1/bin/../lib/gcc/arm-none-eabi/5.4.1/armv7-m\libgcc.a
LOAD c:/program files (x86)/cypress/psoc creator/4.4/psoc creator/import/gnu/arm/5.4.1/bin/../lib/gcc/arm-none-eabi/5.4.1/../../../../arm-none-eabi/lib/armv7-m\libc.a
LOAD c:/program files (x86)/cypress/psoc creator/4.4/psoc creator/import/gnu/arm/5.4.1/bin/../lib/gcc/arm-none-eabi/5.4.1/../../../../arm-none-eabi/lib/armv7-m\libnosys.a
END GROUP
                0x00000000                CY_APPL_ORIGIN = 0x0
                0x00000100                CY_FLASH_ROW_SIZE = 0x100
                0x00000020                CY_ECC_ROW_SIZE = 0x20
                0x00000000                CY_EE_IN_BTLDR = 0x0
                0x00000000                CY_APPL_LOADABLE = 0x0
                0x00000800                CY_EE_SIZE = 0x800
                0x00000001                CY_APPL_NUM = 0x1
                0x00000001                CY_APPL_MAX = 0x1
                0x00000040                CY_METADATA_SIZE = 0x40
                0x00000000                CY_APPL_LOADABLE = 0x0
                0x00000000                CY_CHECKSUM_EXCLUDE_SIZE = ALIGN (0x0, CY_FLASH_ROW_SIZE)
                [!provide]                PROVIDE (__cy_heap_start, _end)
                0x00000001                PROVIDE (__cy_region_num, ((__cy_regions_end - __cy_regions) / 0x10))
                0x20008000                PROVIDE (__cy_stack, (ORIGIN (ram) + LENGTH (ram)))
                [!provide]                PROVIDE (__cy_heap_end, (__cy_stack - 0x1400))

.cybootloader   0x00000000        0x0
 *(.cybootloader)
                0x00000000                appl1_start = CY_APPL_ORIGIN?CY_APPL_ORIGIN:ALIGN (CY_FLASH_ROW_SIZE)
                0x0001ff00                appl2_start = (appl1_start + ALIGN ((((LENGTH (rom) - appl1_start) - (0x2 * CY_FLASH_ROW_SIZE)) / 0x2), CY_FLASH_ROW_SIZE))
                0x00000000                appl_start = (CY_APPL_NUM == 0x1)?appl1_start:appl2_start
                0x00000000                ecc_offset = ((appl_start / CY_FLASH_ROW_SIZE) * CY_ECC_ROW_SIZE)
                0x00000000                ee_offset = (CY_APPL_LOADABLE && ! (CY_EE_IN_BTLDR))?((CY_EE_SIZE / CY_APPL_MAX) * (CY_APPL_NUM - 0x1)):0x0
                0x00000800                ee_size = (CY_APPL_LOADABLE && ! (CY_EE_IN_BTLDR))?(CY_EE_SIZE / CY_APPL_MAX):CY_EE_SIZE
                [!provide]                PROVIDE (CY_ECC_OFFSET, ecc_offset)

.text           0x00000000     0xa6d6
 CREATE_OBJECT_SYMBOLS
                0x00000000                PROVIDE (__cy_interrupt_vector, RomVectors)
 *(.romvectors)
 .romvectors    0x00000000       0x10 .\CortexM3\ARM_GCC_541\Debug\Cm3Start.o
                0x00000000                RomVectors
                0x00000001                ASSERT ((. != __cy_interrupt_vector), No interrupt vector)
                0x00000001                ASSERT (CY_APPL_ORIGIN?(SIZEOF (.cybootloader) <= CY_APPL_ORIGIN):0x1, Wrong image location)
                0x00000010                PROVIDE (__cy_reset, Reset)
 *(.text.Reset)
 .text.Reset    0x00000010       0x18 .\CortexM3\ARM_GCC_541\Debug\Cm3Start.o
                0x00000010                Reset
                0x00000001                ASSERT ((. != __cy_reset), No reset code)
 *(.dma_init)
                0x00000001                ASSERT ((((appl_start + .) <= 0x10000) || 0x1), DMA Init must be within the first 64k of flash)
 *(.text .text.* .gnu.linkonce.t.*)
 .text          0x00000028       0x5c c:/program files (x86)/cypress/psoc creator/4.4/psoc creator/import/gnu/arm/5.4.1/bin/../lib/gcc/arm-none-eabi/5.4.1/armv7-m/crtbegin.o
 .text.vStartPolledQueueTasks
                0x00000084       0x74 .\CortexM3\ARM_GCC_541\Debug\PollQ.o
                0x00000084                vStartPolledQueueTasks
 .text.vPolledQueueProducer
                0x000000f8       0x6c .\CortexM3\ARM_GCC_541\Debug\PollQ.o
 .text.vPolledQueueConsumer
                0x00000164       0x74 .\CortexM3\ARM_GCC_541\Debug\PollQ.o
 .text.xArePollingQueuesStillRunning
                0x000001d8       0x40 .\CortexM3\ARM_GCC_541\Debug\PollQ.o
                0x000001d8                xArePollingQueuesStillRunning
 .text.vStartQueuePeekTasks
                0x00000218       0xa8 .\CortexM3\ARM_GCC_541\Debug\QPeek.o
                0x00000218                vStartQueuePeekTasks
 .text.prvHighestPriorityPeekTask
                0x000002c0       0xf8 .\CortexM3\ARM_GCC_541\Debug\QPeek.o
 .text.prvHighPriorityPeekTask
                0x000003b8       0x8c .\CortexM3\ARM_GCC_541\Debug\QPeek.o
 .text.prvMediumPriorityPeekTask
                0x00000444       0x68 .\CortexM3\ARM_GCC_541\Debug\QPeek.o
 .text.prvLowPriorityPeekTask
                0x000004ac      0x10c .\CortexM3\ARM_GCC_541\Debug\QPeek.o
 .text.xAreQueuePeekTasksStillRunning
                0x000005b8       0x40 .\CortexM3\ARM_GCC_541\Debug\QPeek.o
                0x000005b8                xAreQueuePeekTasksStillRunning
 .text.vStartSemaphoreTasks
                0x000005f8      0x138 .\CortexM3\ARM_GCC_541\Debug\semtest.o
                0x000005f8                vStartSemaphoreTasks
 .text.prvSemaphoreTest
                0x00000730      0x114 .\CortexM3\ARM_GCC_541\Debug\semtest.o
 .text.xAreSemaphoreTasksStillRunning
                0x00000844       0x5c .\CortexM3\ARM_GCC_541\Debug\semtest.o
                0x00000844                xAreSemaphoreTasksStillRunning
 .text.vStartBlockingQueueTasks
                0x000008a0      0x194 .\CortexM3\ARM_GCC_541\Debug\BlockQ.o
                0x000008a0                vStartBlockingQueueTasks
 .text.vBlockingQueueProducer
                0x00000a34       0x58 .\CortexM3\ARM_GCC_541\Debug\BlockQ.o
 .text.vBlockingQueueConsumer
                0x00000a8c       0x60 .\CortexM3\ARM_GCC_541\Debug\BlockQ.o
 .text.xAreBlockingQueuesStillRunning
                0x00000aec       0x90 .\CortexM3\ARM_GCC_541\Debug\BlockQ.o
                0x00000aec                xAreBlockingQueuesStillRunning
 .text.vCreateBlockTimeTasks
                0x00000b7c       0x74 .\CortexM3\ARM_GCC_541\Debug\blocktim.o
                0x00000b7c                vCreateBlockTimeTasks
 .text.vPrimaryBlockTimeTestTask
                0x00000bf0      0x2dc .\CortexM3\ARM_GCC_541\Debug\blocktim.o
 .text.vSecondaryBlockTimeTestTask
                0x00000ecc       0xd8 .\CortexM3\ARM_GCC_541\Debug\blocktim.o
 .text.prvBasicDelayTests
                0x00000fa4       0xb0 .\CortexM3\ARM_GCC_541\Debug\blocktim.o
 .text.xAreBlockTimeTestTasksStillRunning
                0x00001054       0x68 .\CortexM3\ARM_GCC_541\Debug\blocktim.o
                0x00001054                xAreBlockTimeTestTasksStillRunning
 .text.vAltStartComTestTasks
                0x000010bc       0x60 .\CortexM3\ARM_GCC_541\Debug\comtest.o
                0x000010bc                vAltStartComTestTasks
 .text.vComTxTask
                0x0000111c       0x84 .\CortexM3\ARM_GCC_541\Debug\comtest.o
 .text.vComRxTask
                0x000011a0       0xbc .\CortexM3\ARM_GCC_541\Debug\comtest.o
 .text.xAreComTestTasksStillRunning
                0x0000125c       0x30 .\CortexM3\ARM_GCC_541\Debug\comtest.o
                0x0000125c                xAreComTestTasksStillRunning
 .text.vStartCountingSemaphoreTasks
                0x0000128c       0xac .\CortexM3\ARM_GCC_541\Debug\countsem.o
                0x0000128c                vStartCountingSemaphoreTasks
 .text.prvDecrementSemaphoreCount
                0x00001338       0x7c .\CortexM3\ARM_GCC_541\Debug\countsem.o
 .text.prvIncrementSemaphoreCount
                0x000013b4       0x7c .\CortexM3\ARM_GCC_541\Debug\countsem.o
 .text.prvCountingSemaphoreTask
                0x00001430       0x64 .\CortexM3\ARM_GCC_541\Debug\countsem.o
 .text.xAreCountingSemaphoreTasksStillRunning
                0x00001494       0x68 .\CortexM3\ARM_GCC_541\Debug\countsem.o
                0x00001494                xAreCountingSemaphoreTasksStillRunning
 .text.vCreateSuicidalTasks
                0x000014fc       0x44 .\CortexM3\ARM_GCC_541\Debug\death.o
                0x000014fc                vCreateSuicidalTasks
 .text.vSuicidalTask
                0x00001540       0x50 .\CortexM3\ARM_GCC_541\Debug\death.o
 .text.vCreateTasks
                0x00001590       0x70 .\CortexM3\ARM_GCC_541\Debug\death.o
 .text.xIsCreateTaskStillRunning
                0x00001600       0x74 .\CortexM3\ARM_GCC_541\Debug\death.o
                0x00001600                xIsCreateTaskStillRunning
 .text.vStartDynamicPriorityTasks
                0x00001674       0xd0 .\CortexM3\ARM_GCC_541\Debug\dynamic.o
                0x00001674                vStartDynamicPriorityTasks
 .text.vLimitedIncrementTask
                0x00001744       0x2c .\CortexM3\ARM_GCC_541\Debug\dynamic.o
 .text.vContinuousIncrementTask
                0x00001770       0x34 .\CortexM3\ARM_GCC_541\Debug\dynamic.o
 .text.vCounterControlTask
                0x000017a4       0xc4 .\CortexM3\ARM_GCC_541\Debug\dynamic.o
 .text.vQueueSendWhenSuspendedTask
                0x00001868       0x48 .\CortexM3\ARM_GCC_541\Debug\dynamic.o
 .text.vQueueReceiveWhenSuspendedTask
                0x000018b0       0x6c .\CortexM3\ARM_GCC_541\Debug\dynamic.o
 .text.xAreDynamicPriorityTasksStillRunning
                0x0000191c       0x7c .\CortexM3\ARM_GCC_541\Debug\dynamic.o
                0x0000191c                xAreDynamicPriorityTasksStillRunning
 .text.vStartLEDFlashTasks
                0x00001998       0x40 .\CortexM3\ARM_GCC_541\Debug\flash.o
                0x00001998                vStartLEDFlashTasks
 .text.vLEDFlashTask
                0x000019d8       0x68 .\CortexM3\ARM_GCC_541\Debug\flash.o
 .text.vStartMathTasks
                0x00001a40       0x90 .\CortexM3\ARM_GCC_541\Debug\flop.o
                0x00001a40                vStartMathTasks
 .text.vCompetingMathTask1
                0x00001ad0      0x108 .\CortexM3\ARM_GCC_541\Debug\flop.o
 .text.vCompetingMathTask2
                0x00001bd8      0x108 .\CortexM3\ARM_GCC_541\Debug\flop.o
 .text.vCompetingMathTask3
                0x00001ce0      0x12c .\CortexM3\ARM_GCC_541\Debug\flop.o
 *fill*         0x00001e0c        0x4 
 .text.vCompetingMathTask4
                0x00001e10      0x130 .\CortexM3\ARM_GCC_541\Debug\flop.o
 .text.xAreMathsTaskStillRunning
                0x00001f40       0x4c .\CortexM3\ARM_GCC_541\Debug\flop.o
                0x00001f40                xAreMathsTaskStillRunning
 .text.vStartGenericQueueTasks
                0x00001f8c       0xc0 .\CortexM3\ARM_GCC_541\Debug\GenQTest.o
                0x00001f8c                vStartGenericQueueTasks
 .text.prvSendFrontAndBackTest
                0x0000204c      0x300 .\CortexM3\ARM_GCC_541\Debug\GenQTest.o
 .text.prvTakeTwoMutexesReturnInDifferentOrder
                0x0000234c      0x130 .\CortexM3\ARM_GCC_541\Debug\GenQTest.o
 .text.prvTakeTwoMutexesReturnInSameOrder
                0x0000247c      0x110 .\CortexM3\ARM_GCC_541\Debug\GenQTest.o
 .text.prvLowPriorityMutexTask
                0x0000258c       0x40 .\CortexM3\ARM_GCC_541\Debug\GenQTest.o
 .text.prvMediumPriorityMutexTask
                0x000025cc       0x20 .\CortexM3\ARM_GCC_541\Debug\GenQTest.o
 .text.prvHighPriorityMutexTask
                0x000025ec       0x4c .\CortexM3\ARM_GCC_541\Debug\GenQTest.o
 .text.xAreGenericQueueTasksStillRunning
                0x00002638       0x64 .\CortexM3\ARM_GCC_541\Debug\GenQTest.o
                0x00002638                xAreGenericQueueTasksStillRunning
 .text.vStartIntegerMathTasks
                0x0000269c       0x54 .\CortexM3\ARM_GCC_541\Debug\integer.o
                0x0000269c                vStartIntegerMathTasks
 .text.vCompeteingIntMathTask
                0x000026f0       0x68 .\CortexM3\ARM_GCC_541\Debug\integer.o
 .text.xAreIntegerMathsTaskStillRunning
                0x00002758       0x54 .\CortexM3\ARM_GCC_541\Debug\integer.o
                0x00002758                xAreIntegerMathsTaskStillRunning
 .text.vStartInterruptQueueTasks
                0x000027ac      0x108 .\CortexM3\ARM_GCC_541\Debug\IntQueue.o
                0x000027ac                vStartInterruptQueueTasks
 .text.prvRecordValue_NormallyFull
                0x000028b4       0x40 .\CortexM3\ARM_GCC_541\Debug\IntQueue.o
 .text.prvRecordValue_NormallyEmpty
                0x000028f4       0x40 .\CortexM3\ARM_GCC_541\Debug\IntQueue.o
 .text.prvQueueAccessLogError
                0x00002934       0x28 .\CortexM3\ARM_GCC_541\Debug\IntQueue.o
 .text.prvHigherPriorityNormallyEmptyTask
                0x0000295c      0x170 .\CortexM3\ARM_GCC_541\Debug\IntQueue.o
 .text.prvLowerPriorityNormallyEmptyTask
                0x00002acc       0xb0 .\CortexM3\ARM_GCC_541\Debug\IntQueue.o
 .text.prv1stHigherPriorityNormallyFullTask
                0x00002b7c      0x148 .\CortexM3\ARM_GCC_541\Debug\IntQueue.o
 .text.prv2ndHigherPriorityNormallyFullTask
                0x00002cc4       0xa8 .\CortexM3\ARM_GCC_541\Debug\IntQueue.o
 .text.prvLowerPriorityNormallyFullTask
                0x00002d6c       0x9c .\CortexM3\ARM_GCC_541\Debug\IntQueue.o
 .text.xFirstTimerHandler
                0x00002e08      0x1b4 .\CortexM3\ARM_GCC_541\Debug\IntQueue.o
                0x00002e08                xFirstTimerHandler
 .text.xSecondTimerHandler
                0x00002fbc      0x288 .\CortexM3\ARM_GCC_541\Debug\IntQueue.o
                0x00002fbc                xSecondTimerHandler
 .text.xAreIntQueueTasksStillRunning
                0x00003244       0xa0 .\CortexM3\ARM_GCC_541\Debug\IntQueue.o
                0x00003244                xAreIntQueueTasksStillRunning
 .text.xTaskCreate
                0x000032e4       0x84 .\CortexM3\ARM_GCC_541\Debug\tasks.o
                0x000032e4                xTaskCreate
 .text.prvInitialiseNewTask
                0x00003368       0xf0 .\CortexM3\ARM_GCC_541\Debug\tasks.o
 .text.prvAddNewTaskToReadyList
                0x00003458       0xd4 .\CortexM3\ARM_GCC_541\Debug\tasks.o
 .text.vTaskDelete
                0x0000352c       0xfc .\CortexM3\ARM_GCC_541\Debug\tasks.o
                0x0000352c                vTaskDelete
 .text.vTaskDelayUntil
                0x00003628       0xa0 .\CortexM3\ARM_GCC_541\Debug\tasks.o
                0x00003628                vTaskDelayUntil
 .text.vTaskDelay
                0x000036c8       0x48 .\CortexM3\ARM_GCC_541\Debug\tasks.o
                0x000036c8                vTaskDelay
 .text.eTaskGetState
                0x00003710       0x98 .\CortexM3\ARM_GCC_541\Debug\tasks.o
                0x00003710                eTaskGetState
 .text.uxTaskPriorityGet
                0x000037a8       0x34 .\CortexM3\ARM_GCC_541\Debug\tasks.o
                0x000037a8                uxTaskPriorityGet
 .text.vTaskPrioritySet
                0x000037dc      0x140 .\CortexM3\ARM_GCC_541\Debug\tasks.o
                0x000037dc                vTaskPrioritySet
 .text.vTaskSuspend
                0x0000391c       0xf0 .\CortexM3\ARM_GCC_541\Debug\tasks.o
                0x0000391c                vTaskSuspend
 .text.prvTaskIsTaskSuspended
                0x00003a0c       0x58 .\CortexM3\ARM_GCC_541\Debug\tasks.o
 .text.vTaskResume
                0x00003a64       0xa0 .\CortexM3\ARM_GCC_541\Debug\tasks.o
                0x00003a64                vTaskResume
 .text.vTaskStartScheduler
                0x00003b04       0x6c .\CortexM3\ARM_GCC_541\Debug\tasks.o
                0x00003b04                vTaskStartScheduler
 .text.vTaskSuspendAll
                0x00003b70       0x1c .\CortexM3\ARM_GCC_541\Debug\tasks.o
                0x00003b70                vTaskSuspendAll
 .text.xTaskResumeAll
                0x00003b8c      0x11c .\CortexM3\ARM_GCC_541\Debug\tasks.o
                0x00003b8c                xTaskResumeAll
 .text.xTaskGetTickCount
                0x00003ca8       0x1c .\CortexM3\ARM_GCC_541\Debug\tasks.o
                0x00003ca8                xTaskGetTickCount
 .text.uxTaskGetNumberOfTasks
                0x00003cc4       0x14 .\CortexM3\ARM_GCC_541\Debug\tasks.o
                0x00003cc4                uxTaskGetNumberOfTasks
 .text.xTaskIncrementTick
                0x00003cd8      0x158 .\CortexM3\ARM_GCC_541\Debug\tasks.o
                0x00003cd8                xTaskIncrementTick
 .text.vTaskSwitchContext
                0x00003e30       0xd8 .\CortexM3\ARM_GCC_541\Debug\tasks.o
                0x00003e30                vTaskSwitchContext
 .text.vTaskPlaceOnEventList
                0x00003f08       0x2c .\CortexM3\ARM_GCC_541\Debug\tasks.o
                0x00003f08                vTaskPlaceOnEventList
 .text.xTaskRemoveFromEventList
                0x00003f34       0xa8 .\CortexM3\ARM_GCC_541\Debug\tasks.o
                0x00003f34                xTaskRemoveFromEventList
 .text.vTaskSetTimeOutState
                0x00003fdc       0x2c .\CortexM3\ARM_GCC_541\Debug\tasks.o
                0x00003fdc                vTaskSetTimeOutState
 .text.xTaskCheckForTimeOut
                0x00004008       0x88 .\CortexM3\ARM_GCC_541\Debug\tasks.o
                0x00004008                xTaskCheckForTimeOut
 .text.vTaskMissedYield
                0x00004090       0x18 .\CortexM3\ARM_GCC_541\Debug\tasks.o
                0x00004090                vTaskMissedYield
 .text.prvIdleTask
                0x000040a8       0x10 .\CortexM3\ARM_GCC_541\Debug\tasks.o
 .text.prvInitialiseTaskLists
                0x000040b8       0x80 .\CortexM3\ARM_GCC_541\Debug\tasks.o
 .text.prvCheckTasksWaitingTermination
                0x00004138       0x78 .\CortexM3\ARM_GCC_541\Debug\tasks.o
 .text.prvDeleteTCB
                0x000041b0       0x20 .\CortexM3\ARM_GCC_541\Debug\tasks.o
 .text.prvResetNextTaskUnblockTime
                0x000041d0       0x48 .\CortexM3\ARM_GCC_541\Debug\tasks.o
 .text.vTaskPriorityInherit
                0x00004218       0xec .\CortexM3\ARM_GCC_541\Debug\tasks.o
                0x00004218                vTaskPriorityInherit
 .text.xTaskPriorityDisinherit
                0x00004304       0xc8 .\CortexM3\ARM_GCC_541\Debug\tasks.o
                0x00004304                xTaskPriorityDisinherit
 .text.pvTaskIncrementMutexHeldCount
                0x000043cc       0x28 .\CortexM3\ARM_GCC_541\Debug\tasks.o
                0x000043cc                pvTaskIncrementMutexHeldCount
 .text.prvAddCurrentTaskToDelayedList
                0x000043f4       0xcc .\CortexM3\ARM_GCC_541\Debug\tasks.o
 .text.vListInitialise
                0x000044c0       0x40 .\CortexM3\ARM_GCC_541\Debug\list.o
                0x000044c0                vListInitialise
 .text.vListInitialiseItem
                0x00004500       0x18 .\CortexM3\ARM_GCC_541\Debug\list.o
                0x00004500                vListInitialiseItem
 .text.vListInsertEnd
                0x00004518       0x48 .\CortexM3\ARM_GCC_541\Debug\list.o
                0x00004518                vListInsertEnd
 .text.vListInsert
                0x00004560       0x70 .\CortexM3\ARM_GCC_541\Debug\list.o
                0x00004560                vListInsert
 .text.uxListRemove
                0x000045d0       0x54 .\CortexM3\ARM_GCC_541\Debug\list.o
                0x000045d0                uxListRemove
 .text.xQueueGenericReset
                0x00004624       0xb4 .\CortexM3\ARM_GCC_541\Debug\queue.o
                0x00004624                xQueueGenericReset
 .text.xQueueGenericCreate
                0x000046d8       0x58 .\CortexM3\ARM_GCC_541\Debug\queue.o
                0x000046d8                xQueueGenericCreate
 .text.prvInitialiseNewQueue
                0x00004730       0x40 .\CortexM3\ARM_GCC_541\Debug\queue.o
 .text.prvInitialiseMutex
                0x00004770       0x34 .\CortexM3\ARM_GCC_541\Debug\queue.o
 .text.xQueueCreateMutex
                0x000047a4       0x30 .\CortexM3\ARM_GCC_541\Debug\queue.o
                0x000047a4                xQueueCreateMutex
 .text.xQueueCreateCountingSemaphore
                0x000047d4       0x2c .\CortexM3\ARM_GCC_541\Debug\queue.o
                0x000047d4                xQueueCreateCountingSemaphore
 .text.xQueueGenericSend
                0x00004800      0x154 .\CortexM3\ARM_GCC_541\Debug\queue.o
                0x00004800                xQueueGenericSend
 .text.xQueueGenericSendFromISR
                0x00004954       0xb0 .\CortexM3\ARM_GCC_541\Debug\queue.o
                0x00004954                xQueueGenericSendFromISR
 .text.xQueueGenericReceive
                0x00004a04      0x1b0 .\CortexM3\ARM_GCC_541\Debug\queue.o
                0x00004a04                xQueueGenericReceive
 .text.xQueueReceiveFromISR
                0x00004bb4       0xac .\CortexM3\ARM_GCC_541\Debug\queue.o
                0x00004bb4                xQueueReceiveFromISR
 .text.uxQueueMessagesWaiting
                0x00004c60       0x20 .\CortexM3\ARM_GCC_541\Debug\queue.o
                0x00004c60                uxQueueMessagesWaiting
 .text.prvCopyDataToQueue
                0x00004c80       0xd4 .\CortexM3\ARM_GCC_541\Debug\queue.o
 .text.prvCopyDataFromQueue
                0x00004d54       0x4c .\CortexM3\ARM_GCC_541\Debug\queue.o
 .text.prvUnlockQueue
                0x00004da0       0xa4 .\CortexM3\ARM_GCC_541\Debug\queue.o
 .text.prvIsQueueEmpty
                0x00004e44       0x2c .\CortexM3\ARM_GCC_541\Debug\queue.o
 .text.prvIsQueueFull
                0x00004e70       0x30 .\CortexM3\ARM_GCC_541\Debug\queue.o
 .text.xQueueIsQueueFullFromISR
                0x00004ea0       0x2c .\CortexM3\ARM_GCC_541\Debug\queue.o
                0x00004ea0                xQueueIsQueueFullFromISR
 .text.vQueueAddToRegistry
                0x00004ecc       0x50 .\CortexM3\ARM_GCC_541\Debug\queue.o
                0x00004ecc                vQueueAddToRegistry
 .text.pvPortMalloc
                0x00004f1c      0x124 .\CortexM3\ARM_GCC_541\Debug\heap_2.o
                0x00004f1c                pvPortMalloc
 .text.vPortFree
                0x00005040       0x74 .\CortexM3\ARM_GCC_541\Debug\heap_2.o
                0x00005040                vPortFree
 .text.prvHeapInit
                0x000050b4       0x50 .\CortexM3\ARM_GCC_541\Debug\heap_2.o
 .text.pxPortInitialiseStack
                0x00005104       0x58 .\CortexM3\ARM_GCC_541\Debug\port.o
                0x00005104                pxPortInitialiseStack
 .text.prvTaskExitError
                0x0000515c       0x1c .\CortexM3\ARM_GCC_541\Debug\port.o
 *fill*         0x00005178        0x8 
 .text.vPortSVCHandler
                0x00005180       0x28 .\CortexM3\ARM_GCC_541\Debug\port.o
                0x00005180                vPortSVCHandler
 .text.prvPortStartFirstTask
                0x000051a8       0x20 .\CortexM3\ARM_GCC_541\Debug\port.o
 .text.xPortStartScheduler
                0x000051c8       0x3c .\CortexM3\ARM_GCC_541\Debug\port.o
                0x000051c8                xPortStartScheduler
 .text.vPortEnterCritical
                0x00005204       0x30 .\CortexM3\ARM_GCC_541\Debug\port.o
                0x00005204                vPortEnterCritical
 .text.vPortExitCritical
                0x00005234       0x30 .\CortexM3\ARM_GCC_541\Debug\port.o
                0x00005234                vPortExitCritical
 *fill*         0x00005264        0xc 
 .text.xPortPendSVHandler
                0x00005270       0x48 .\CortexM3\ARM_GCC_541\Debug\port.o
                0x00005270                xPortPendSVHandler
 .text.xPortSysTickHandler
                0x000052b8       0x40 .\CortexM3\ARM_GCC_541\Debug\port.o
                0x000052b8                xPortSysTickHandler
 .text.vPortSetupTimerInterrupt
                0x000052f8       0x24 .\CortexM3\ARM_GCC_541\Debug\port.o
                0x000052f8                vPortSetupTimerInterrupt
 .text.vInitialiseTimerForIntQueueTest
                0x0000531c       0x2c .\CortexM3\ARM_GCC_541\Debug\IntQueueTimer.o
                0x0000531c                vInitialiseTimerForIntQueueTest
 .text.vHighFrequencyFirstISR
                0x00005348       0x28 .\CortexM3\ARM_GCC_541\Debug\IntQueueTimer.o
                0x00005348                vHighFrequencyFirstISR
 .text.vHighFrequencySecondISR
                0x00005370       0x28 .\CortexM3\ARM_GCC_541\Debug\IntQueueTimer.o
                0x00005370                vHighFrequencySecondISR
 .text.main     0x00005398       0x88 .\CortexM3\ARM_GCC_541\Debug\main.o
                0x00005398                main
 .text.prvHardwareSetup
                0x00005420       0x44 .\CortexM3\ARM_GCC_541\Debug\main.o
 .text.myPutchar
                0x00005464       0x28 .\CortexM3\ARM_GCC_541\Debug\main.o
 .text.xsprintf
                0x0000548c       0x34 .\CortexM3\ARM_GCC_541\Debug\main.o
 .text.vCheckTask
                0x000054c0      0x1b8 .\CortexM3\ARM_GCC_541\Debug\main.o
                0x000054c0                vCheckTask
 .text.vApplicationStackOverflowHook
                0x00005678       0x28 .\CortexM3\ARM_GCC_541\Debug\main.o
                0x00005678                vApplicationStackOverflowHook
 .text.vApplicationMallocFailedHook
                0x000056a0       0x24 .\CortexM3\ARM_GCC_541\Debug\main.o
                0x000056a0                vApplicationMallocFailedHook
 .text.vParTestInitialise
                0x000056c4       0x30 .\CortexM3\ARM_GCC_541\Debug\ParTest.o
                0x000056c4                vParTestInitialise
 .text.vParTestSetLED
                0x000056f4       0x7c .\CortexM3\ARM_GCC_541\Debug\ParTest.o
                0x000056f4                vParTestSetLED
 .text.vParTestToggleLED
                0x00005770       0x38 .\CortexM3\ARM_GCC_541\Debug\ParTest.o
                0x00005770                vParTestToggleLED
 .text.xSerialPortInitMinimal
                0x000057a8       0x74 .\CortexM3\ARM_GCC_541\Debug\Serial.o
                0x000057a8                xSerialPortInitMinimal
 .text.xSerialGetChar
                0x0000581c       0x38 .\CortexM3\ARM_GCC_541\Debug\Serial.o
                0x0000581c                xSerialGetChar
 .text.xSerialPutChar
                0x00005854       0x50 .\CortexM3\ARM_GCC_541\Debug\Serial.o
                0x00005854                xSerialPutChar
 .text.vUartRxISR
                0x000058a4       0x90 .\CortexM3\ARM_GCC_541\Debug\Serial.o
                0x000058a4                vUartRxISR
 .text.vUartTxISR
                0x00005934       0xb0 .\CortexM3\ARM_GCC_541\Debug\Serial.o
                0x00005934                vUartTxISR
 .text.vSetupTimerTest
                0x000059e4       0x14 .\CortexM3\ARM_GCC_541\Debug\TimerTest.o
                0x000059e4                vSetupTimerTest
 .text.vTimer20KHzISR
                0x000059f8       0x6c .\CortexM3\ARM_GCC_541\Debug\TimerTest.o
                0x000059f8                vTimer20KHzISR
 .text.ulong2a  0x00005a64       0xd4 .\CortexM3\ARM_GCC_541\Debug\xformatc.o
 .text.ullong2a
                0x00005b38      0x104 .\CortexM3\ARM_GCC_541\Debug\xformatc.o
 .text.xstrlen  0x00005c3c       0x2c .\CortexM3\ARM_GCC_541\Debug\xformatc.o
 .text.outBuffer
                0x00005c68       0x64 .\CortexM3\ARM_GCC_541\Debug\xformatc.o
 .text.outChars
                0x00005ccc       0x3c .\CortexM3\ARM_GCC_541\Debug\xformatc.o
 .text.xvformat
                0x00005d08      0x878 .\CortexM3\ARM_GCC_541\Debug\xformatc.o
                0x00005d08                xvformat
 .text.usbserial_putString
                0x00006580       0x58 .\CortexM3\ARM_GCC_541\Debug\USBSerial.o
                0x00006580                usbserial_putString
 .text.vStartUSBSerialTasks
                0x000065d8       0x3c .\CortexM3\ARM_GCC_541\Debug\USBSerial.o
                0x000065d8                vStartUSBSerialTasks
 .text.vUSBSerialTask
                0x00006614       0x48 .\CortexM3\ARM_GCC_541\Debug\USBSerial.o
 .text.CYMEMZERO
                0x0000665c       0x1c .\CortexM3\ARM_GCC_541\Debug\cyfitter_cfg.o
 .text.CYCONFIGCPY
                0x00006678       0x20 .\CortexM3\ARM_GCC_541\Debug\cyfitter_cfg.o
 .text.CyClockStartupError
                0x00006698        0xc .\CortexM3\ARM_GCC_541\Debug\cyfitter_cfg.o
 .text.cfg_write_bytes32
                0x000066a4       0x74 .\CortexM3\ARM_GCC_541\Debug\cyfitter_cfg.o
 .text.ClockSetup
                0x00006718      0x18c .\CortexM3\ARM_GCC_541\Debug\cyfitter_cfg.o
 .text.AnalogSetDefault
                0x000068a4       0x44 .\CortexM3\ARM_GCC_541\Debug\cyfitter_cfg.o
 .text.cyfitter_cfg
                0x000068e8      0x160 .\CortexM3\ARM_GCC_541\Debug\cyfitter_cfg.o
                0x000068e8                cyfitter_cfg
 .text.IntDefaultHandler
                0x00006a48       0x14 .\CortexM3\ARM_GCC_541\Debug\Cm3Start.o
                0x00006a48                IntDefaultHandler
 .text.Start_c  0x00006a5c       0x98 .\CortexM3\ARM_GCC_541\Debug\Cm3Start.o
                0x00006a5c                Start_c
 .text.initialize_psoc
                0x00006af4       0x90 .\CortexM3\ARM_GCC_541\Debug\Cm3Start.o
                0x00006af4                initialize_psoc
 .text.UART_1_Start
                0x00006b84       0x24 .\CortexM3\ARM_GCC_541\Debug\FreeRTOS_Demo.a(UART_1.o)
                0x00006b84                UART_1_Start
 .text.UART_1_Init
                0x00006ba8       0x40 .\CortexM3\ARM_GCC_541\Debug\FreeRTOS_Demo.a(UART_1.o)
                0x00006ba8                UART_1_Init
 .text.UART_1_Enable
                0x00006be8       0x60 .\CortexM3\ARM_GCC_541\Debug\FreeRTOS_Demo.a(UART_1.o)
                0x00006be8                UART_1_Enable
 .text.UART_1_ReadRxStatus
                0x00006c48       0x24 .\CortexM3\ARM_GCC_541\Debug\FreeRTOS_Demo.a(UART_1.o)
                0x00006c48                UART_1_ReadRxStatus
 .text.UART_1_GetChar
                0x00006c6c       0x44 .\CortexM3\ARM_GCC_541\Debug\FreeRTOS_Demo.a(UART_1.o)
                0x00006c6c                UART_1_GetChar
 .text.UART_1_SetTxInterruptMode
                0x00006cb0       0x20 .\CortexM3\ARM_GCC_541\Debug\FreeRTOS_Demo.a(UART_1.o)
                0x00006cb0                UART_1_SetTxInterruptMode
 .text.UART_1_ReadTxStatus
                0x00006cd0       0x18 .\CortexM3\ARM_GCC_541\Debug\FreeRTOS_Demo.a(UART_1.o)
                0x00006cd0                UART_1_ReadTxStatus
 .text.UART_1_PutChar
                0x00006ce8       0x34 .\CortexM3\ARM_GCC_541\Debug\FreeRTOS_Demo.a(UART_1.o)
                0x00006ce8                UART_1_PutChar
 .text.Pin_LED_0_Write
                0x00006d1c       0x3c .\CortexM3\ARM_GCC_541\Debug\FreeRTOS_Demo.a(Pin_LED_0.o)
                0x00006d1c                Pin_LED_0_Write
 .text.isr_UART1_TX_BYTE_COMPLETE_StartEx
                0x00006d58       0x24 .\CortexM3\ARM_GCC_541\Debug\FreeRTOS_Demo.a(isr_UART1_TX_BYTE_COMPLETE.o)
                0x00006d58                isr_UART1_TX_BYTE_COMPLETE_StartEx
 .text.isr_UART1_TX_BYTE_COMPLETE_SetVector
                0x00006d7c       0x24 .\CortexM3\ARM_GCC_541\Debug\FreeRTOS_Demo.a(isr_UART1_TX_BYTE_COMPLETE.o)
                0x00006d7c                isr_UART1_TX_BYTE_COMPLETE_SetVector
 .text.isr_UART1_TX_BYTE_COMPLETE_SetPriority
                0x00006da0       0x24 .\CortexM3\ARM_GCC_541\Debug\FreeRTOS_Demo.a(isr_UART1_TX_BYTE_COMPLETE.o)
                0x00006da0                isr_UART1_TX_BYTE_COMPLETE_SetPriority
 .text.isr_UART1_TX_BYTE_COMPLETE_Enable
                0x00006dc4       0x18 .\CortexM3\ARM_GCC_541\Debug\FreeRTOS_Demo.a(isr_UART1_TX_BYTE_COMPLETE.o)
                0x00006dc4                isr_UART1_TX_BYTE_COMPLETE_Enable
 .text.isr_UART1_TX_BYTE_COMPLETE_Disable
                0x00006ddc       0x18 .\CortexM3\ARM_GCC_541\Debug\FreeRTOS_Demo.a(isr_UART1_TX_BYTE_COMPLETE.o)
                0x00006ddc                isr_UART1_TX_BYTE_COMPLETE_Disable
 .text.isr_UART1_TX_BYTE_COMPLETE_ClearPending
                0x00006df4       0x18 .\CortexM3\ARM_GCC_541\Debug\FreeRTOS_Demo.a(isr_UART1_TX_BYTE_COMPLETE.o)
                0x00006df4                isr_UART1_TX_BYTE_COMPLETE_ClearPending
 .text.isr_UART1_RX_BYTE_RECEIVED_StartEx
                0x00006e0c       0x24 .\CortexM3\ARM_GCC_541\Debug\FreeRTOS_Demo.a(isr_UART1_RX_BYTE_RECEIVED.o)
                0x00006e0c                isr_UART1_RX_BYTE_RECEIVED_StartEx
 .text.isr_UART1_RX_BYTE_RECEIVED_SetVector
                0x00006e30       0x24 .\CortexM3\ARM_GCC_541\Debug\FreeRTOS_Demo.a(isr_UART1_RX_BYTE_RECEIVED.o)
                0x00006e30                isr_UART1_RX_BYTE_RECEIVED_SetVector
 .text.isr_UART1_RX_BYTE_RECEIVED_SetPriority
                0x00006e54       0x24 .\CortexM3\ARM_GCC_541\Debug\FreeRTOS_Demo.a(isr_UART1_RX_BYTE_RECEIVED.o)
                0x00006e54                isr_UART1_RX_BYTE_RECEIVED_SetPriority
 .text.isr_UART1_RX_BYTE_RECEIVED_Enable
                0x00006e78       0x18 .\CortexM3\ARM_GCC_541\Debug\FreeRTOS_Demo.a(isr_UART1_RX_BYTE_RECEIVED.o)
                0x00006e78                isr_UART1_RX_BYTE_RECEIVED_Enable
 .text.isr_UART1_RX_BYTE_RECEIVED_Disable
                0x00006e90       0x18 .\CortexM3\ARM_GCC_541\Debug\FreeRTOS_Demo.a(isr_UART1_RX_BYTE_RECEIVED.o)
                0x00006e90                isr_UART1_RX_BYTE_RECEIVED_Disable
 .text.isr_UART1_RX_BYTE_RECEIVED_ClearPending
                0x00006ea8       0x18 .\CortexM3\ARM_GCC_541\Debug\FreeRTOS_Demo.a(isr_UART1_RX_BYTE_RECEIVED.o)
                0x00006ea8                isr_UART1_RX_BYTE_RECEIVED_ClearPending
 .text.High_Frequency_PWM_0_Start
                0x00006ec0       0x24 .\CortexM3\ARM_GCC_541\Debug\FreeRTOS_Demo.a(High_Frequency_PWM_0.o)
                0x00006ec0                High_Frequency_PWM_0_Start
 .text.High_Frequency_PWM_0_Init
                0x00006ee4       0x94 .\CortexM3\ARM_GCC_541\Debug\FreeRTOS_Demo.a(High_Frequency_PWM_0.o)
                0x00006ee4                High_Frequency_PWM_0_Init
 .text.High_Frequency_PWM_0_Enable
                0x00006f78       0x20 .\CortexM3\ARM_GCC_541\Debug\FreeRTOS_Demo.a(High_Frequency_PWM_0.o)
                0x00006f78                High_Frequency_PWM_0_Enable
 .text.High_Frequency_PWM_0_WriteCounter
                0x00006f98       0x20 .\CortexM3\ARM_GCC_541\Debug\FreeRTOS_Demo.a(High_Frequency_PWM_0.o)
                0x00006f98                High_Frequency_PWM_0_WriteCounter
 .text.High_Frequency_PWM_0_ClearFIFO
                0x00006fb8       0x1c .\CortexM3\ARM_GCC_541\Debug\FreeRTOS_Demo.a(High_Frequency_PWM_0.o)
                0x00006fb8                High_Frequency_PWM_0_ClearFIFO
 .text.High_Frequency_PWM_0_WritePeriod
                0x00006fd4       0x20 .\CortexM3\ARM_GCC_541\Debug\FreeRTOS_Demo.a(High_Frequency_PWM_0.o)
                0x00006fd4                High_Frequency_PWM_0_WritePeriod
 .text.High_Frequency_PWM_0_WriteCompare
                0x00006ff4       0x20 .\CortexM3\ARM_GCC_541\Debug\FreeRTOS_Demo.a(High_Frequency_PWM_0.o)
                0x00006ff4                High_Frequency_PWM_0_WriteCompare
 .text.High_Frequency_PWM_0_SetInterruptMode
                0x00007014       0x20 .\CortexM3\ARM_GCC_541\Debug\FreeRTOS_Demo.a(High_Frequency_PWM_0.o)
                0x00007014                High_Frequency_PWM_0_SetInterruptMode
 .text.High_Frequency_PWM_0_ReadStatusRegister
                0x00007034       0x18 .\CortexM3\ARM_GCC_541\Debug\FreeRTOS_Demo.a(High_Frequency_PWM_0.o)
                0x00007034                High_Frequency_PWM_0_ReadStatusRegister
 .text.High_Frequency_PWM_0_ReadCapture
                0x0000704c       0x18 .\CortexM3\ARM_GCC_541\Debug\FreeRTOS_Demo.a(High_Frequency_PWM_0.o)
                0x0000704c                High_Frequency_PWM_0_ReadCapture
 .text.isr_High_Frequency_2000Hz_StartEx
                0x00007064       0x24 .\CortexM3\ARM_GCC_541\Debug\FreeRTOS_Demo.a(isr_High_Frequency_2000Hz.o)
                0x00007064                isr_High_Frequency_2000Hz_StartEx
 .text.isr_High_Frequency_2000Hz_SetVector
                0x00007088       0x24 .\CortexM3\ARM_GCC_541\Debug\FreeRTOS_Demo.a(isr_High_Frequency_2000Hz.o)
                0x00007088                isr_High_Frequency_2000Hz_SetVector
 .text.isr_High_Frequency_2000Hz_SetPriority
                0x000070ac       0x24 .\CortexM3\ARM_GCC_541\Debug\FreeRTOS_Demo.a(isr_High_Frequency_2000Hz.o)
                0x000070ac                isr_High_Frequency_2000Hz_SetPriority
 .text.isr_High_Frequency_2000Hz_Enable
                0x000070d0       0x18 .\CortexM3\ARM_GCC_541\Debug\FreeRTOS_Demo.a(isr_High_Frequency_2000Hz.o)
                0x000070d0                isr_High_Frequency_2000Hz_Enable
 .text.isr_High_Frequency_2000Hz_Disable
                0x000070e8       0x18 .\CortexM3\ARM_GCC_541\Debug\FreeRTOS_Demo.a(isr_High_Frequency_2000Hz.o)
                0x000070e8                isr_High_Frequency_2000Hz_Disable
 .text.isr_High_Frequency_2000Hz_ClearPending
                0x00007100       0x18 .\CortexM3\ARM_GCC_541\Debug\FreeRTOS_Demo.a(isr_High_Frequency_2000Hz.o)
                0x00007100                isr_High_Frequency_2000Hz_ClearPending
 .text.USBUART_Start
                0x00007118       0x3c .\CortexM3\ARM_GCC_541\Debug\FreeRTOS_Demo.a(USBUART.o)
                0x00007118                USBUART_Start
 .text.USBUART_Init
                0x00007154      0x1a4 .\CortexM3\ARM_GCC_541\Debug\FreeRTOS_Demo.a(USBUART.o)
                0x00007154                USBUART_Init
 .text.USBUART_InitComponent
                0x000072f8      0x100 .\CortexM3\ARM_GCC_541\Debug\FreeRTOS_Demo.a(USBUART.o)
                0x000072f8                USBUART_InitComponent
 .text.USBUART_ReInitComponent
                0x000073f8       0x68 .\CortexM3\ARM_GCC_541\Debug\FreeRTOS_Demo.a(USBUART.o)
                0x000073f8                USBUART_ReInitComponent
 .text.USBUART_GetConfiguration
                0x00007460       0x18 .\CortexM3\ARM_GCC_541\Debug\FreeRTOS_Demo.a(USBUART.o)
                0x00007460                USBUART_GetConfiguration
 .text.USBUART_IsConfigurationChanged
                0x00007478       0x30 .\CortexM3\ARM_GCC_541\Debug\FreeRTOS_Demo.a(USBUART.o)
                0x00007478                USBUART_IsConfigurationChanged
 .text.USBUART_GetEPState
                0x000074a8       0x2c .\CortexM3\ARM_GCC_541\Debug\FreeRTOS_Demo.a(USBUART.o)
                0x000074a8                USBUART_GetEPState
 .text.USBUART_LoadInEP
                0x000074d4      0x108 .\CortexM3\ARM_GCC_541\Debug\FreeRTOS_Demo.a(USBUART.o)
                0x000074d4                USBUART_LoadInEP
 .text.USBUART_EnableOutEP
                0x000075dc       0x5c .\CortexM3\ARM_GCC_541\Debug\FreeRTOS_Demo.a(USBUART.o)
                0x000075dc                USBUART_EnableOutEP
 .text.USBUART_DispatchCDCClassRqst
                0x00007638       0xe4 .\CortexM3\ARM_GCC_541\Debug\FreeRTOS_Demo.a(USBUART_cdc.o)
                0x00007638                USBUART_DispatchCDCClassRqst
 .text.USBUART_GetInterfaceComPort
                0x0000771c       0x60 .\CortexM3\ARM_GCC_541\Debug\FreeRTOS_Demo.a(USBUART_cdc.o)
                0x0000771c                USBUART_GetInterfaceComPort
 .text.USBUART_CDC_Init
                0x0000777c       0xa8 .\CortexM3\ARM_GCC_541\Debug\FreeRTOS_Demo.a(USBUART_cdc.o)
                0x0000777c                USBUART_CDC_Init
 .text.USBUART_StrLen
                0x00007824       0x2c .\CortexM3\ARM_GCC_541\Debug\FreeRTOS_Demo.a(USBUART_cdc.o)
 .text.USBUART_PutString
                0x00007850       0xdc .\CortexM3\ARM_GCC_541\Debug\FreeRTOS_Demo.a(USBUART_cdc.o)
                0x00007850                USBUART_PutString
 .text.USBUART_CDCIsReady
                0x0000792c       0x24 .\CortexM3\ARM_GCC_541\Debug\FreeRTOS_Demo.a(USBUART_cdc.o)
                0x0000792c                USBUART_CDCIsReady
 .text.USBUART_Cdc_EpInit
                0x00007950       0x90 .\CortexM3\ARM_GCC_541\Debug\FreeRTOS_Demo.a(USBUART_cdc.o)
                0x00007950                USBUART_Cdc_EpInit
 .text.USBUART_EP_0_ISR
                0x000079e0       0xf8 .\CortexM3\ARM_GCC_541\Debug\FreeRTOS_Demo.a(USBUART_drv.o)
                0x000079e0                USBUART_EP_0_ISR
 .text.USBUART_HandleSetup
                0x00007ad8       0x88 .\CortexM3\ARM_GCC_541\Debug\FreeRTOS_Demo.a(USBUART_drv.o)
                0x00007ad8                USBUART_HandleSetup
 .text.USBUART_HandleIN
                0x00007b60       0x4c .\CortexM3\ARM_GCC_541\Debug\FreeRTOS_Demo.a(USBUART_drv.o)
                0x00007b60                USBUART_HandleIN
 .text.USBUART_HandleOUT
                0x00007bac       0x58 .\CortexM3\ARM_GCC_541\Debug\FreeRTOS_Demo.a(USBUART_drv.o)
                0x00007bac                USBUART_HandleOUT
 .text.USBUART_LoadEP0
                0x00007c04       0xd0 .\CortexM3\ARM_GCC_541\Debug\FreeRTOS_Demo.a(USBUART_drv.o)
                0x00007c04                USBUART_LoadEP0
 .text.USBUART_InitControlRead
                0x00007cd4       0x70 .\CortexM3\ARM_GCC_541\Debug\FreeRTOS_Demo.a(USBUART_drv.o)
                0x00007cd4                USBUART_InitControlRead
 .text.USBUART_InitZeroLengthControlTransfer
                0x00007d44       0x40 .\CortexM3\ARM_GCC_541\Debug\FreeRTOS_Demo.a(USBUART_drv.o)
                0x00007d44                USBUART_InitZeroLengthControlTransfer
 .text.USBUART_ControlReadDataStage
                0x00007d84        0xc .\CortexM3\ARM_GCC_541\Debug\FreeRTOS_Demo.a(USBUART_drv.o)
                0x00007d84                USBUART_ControlReadDataStage
 .text.USBUART_ControlReadStatusStage
                0x00007d90       0x40 .\CortexM3\ARM_GCC_541\Debug\FreeRTOS_Demo.a(USBUART_drv.o)
                0x00007d90                USBUART_ControlReadStatusStage
 .text.USBUART_InitControlWrite
                0x00007dd0       0x64 .\CortexM3\ARM_GCC_541\Debug\FreeRTOS_Demo.a(USBUART_drv.o)
                0x00007dd0                USBUART_InitControlWrite
 .text.USBUART_ControlWriteDataStage
                0x00007e34       0xb4 .\CortexM3\ARM_GCC_541\Debug\FreeRTOS_Demo.a(USBUART_drv.o)
                0x00007e34                USBUART_ControlWriteDataStage
 .text.USBUART_ControlWriteStatusStage
                0x00007ee8       0x24 .\CortexM3\ARM_GCC_541\Debug\FreeRTOS_Demo.a(USBUART_drv.o)
                0x00007ee8                USBUART_ControlWriteStatusStage
 .text.USBUART_InitNoDataControlTransfer
                0x00007f0c       0x38 .\CortexM3\ARM_GCC_541\Debug\FreeRTOS_Demo.a(USBUART_drv.o)
                0x00007f0c                USBUART_InitNoDataControlTransfer
 .text.USBUART_NoDataControlStatusStage
                0x00007f44       0x4c .\CortexM3\ARM_GCC_541\Debug\FreeRTOS_Demo.a(USBUART_drv.o)
                0x00007f44                USBUART_NoDataControlStatusStage
 .text.USBUART_UpdateStatusBlock
                0x00007f90       0x40 .\CortexM3\ARM_GCC_541\Debug\FreeRTOS_Demo.a(USBUART_drv.o)
                0x00007f90                USBUART_UpdateStatusBlock
 .text.USBUART_InitializeStatusBlock
                0x00007fd0       0x34 .\CortexM3\ARM_GCC_541\Debug\FreeRTOS_Demo.a(USBUART_drv.o)
                0x00007fd0                USBUART_InitializeStatusBlock
 .text.USBUART_EP_1_ISR
                0x00008004       0x48 .\CortexM3\ARM_GCC_541\Debug\FreeRTOS_Demo.a(USBUART_episr.o)
                0x00008004                USBUART_EP_1_ISR
 .text.USBUART_EP_2_ISR
                0x0000804c       0x4c .\CortexM3\ARM_GCC_541\Debug\FreeRTOS_Demo.a(USBUART_episr.o)
                0x0000804c                USBUART_EP_2_ISR
 .text.USBUART_EP_3_ISR
                0x00008098       0x54 .\CortexM3\ARM_GCC_541\Debug\FreeRTOS_Demo.a(USBUART_episr.o)
                0x00008098                USBUART_EP_3_ISR
 .text.USBUART_SOF_ISR
                0x000080ec        0xc .\CortexM3\ARM_GCC_541\Debug\FreeRTOS_Demo.a(USBUART_episr.o)
                0x000080ec                USBUART_SOF_ISR
 .text.USBUART_BUS_RESET_ISR
                0x000080f8        0xc .\CortexM3\ARM_GCC_541\Debug\FreeRTOS_Demo.a(USBUART_episr.o)
                0x000080f8                USBUART_BUS_RESET_ISR
 .text.USBUART_DP_ISR
                0x00008104        0xc .\CortexM3\ARM_GCC_541\Debug\FreeRTOS_Demo.a(USBUART_pm.o)
                0x00008104                USBUART_DP_ISR
 .text.USBUART_HandleStandardRqst
                0x00008110      0x494 .\CortexM3\ARM_GCC_541\Debug\FreeRTOS_Demo.a(USBUART_std.o)
                0x00008110                USBUART_HandleStandardRqst
 .text.USBUART_ReadDieID
                0x000085a4       0xd8 .\CortexM3\ARM_GCC_541\Debug\FreeRTOS_Demo.a(USBUART_std.o)
                0x000085a4                USBUART_ReadDieID
 .text.USBUART_ConfigReg
                0x0000867c      0x138 .\CortexM3\ARM_GCC_541\Debug\FreeRTOS_Demo.a(USBUART_std.o)
                0x0000867c                USBUART_ConfigReg
 .text.USBUART_Config
                0x000087b4      0x3b4 .\CortexM3\ARM_GCC_541\Debug\FreeRTOS_Demo.a(USBUART_std.o)
                0x000087b4                USBUART_Config
 .text.USBUART_ConfigAltChanged
                0x00008b68      0x25c .\CortexM3\ARM_GCC_541\Debug\FreeRTOS_Demo.a(USBUART_std.o)
                0x00008b68                USBUART_ConfigAltChanged
 .text.USBUART_GetConfigTablePtr
                0x00008dc4       0x50 .\CortexM3\ARM_GCC_541\Debug\FreeRTOS_Demo.a(USBUART_std.o)
                0x00008dc4                USBUART_GetConfigTablePtr
 .text.USBUART_GetDeviceTablePtr
                0x00008e14       0x24 .\CortexM3\ARM_GCC_541\Debug\FreeRTOS_Demo.a(USBUART_std.o)
                0x00008e14                USBUART_GetDeviceTablePtr
 .text.USBUART_GetInterfaceClassTablePtr
                0x00008e38       0x4c .\CortexM3\ARM_GCC_541\Debug\FreeRTOS_Demo.a(USBUART_std.o)
                0x00008e38                USBUART_GetInterfaceClassTablePtr
 .text.USBUART_SetEndpointHalt
                0x00008e84       0xe8 .\CortexM3\ARM_GCC_541\Debug\FreeRTOS_Demo.a(USBUART_std.o)
                0x00008e84                USBUART_SetEndpointHalt
 .text.USBUART_ClearEndpointHalt
                0x00008f6c      0x148 .\CortexM3\ARM_GCC_541\Debug\FreeRTOS_Demo.a(USBUART_std.o)
                0x00008f6c                USBUART_ClearEndpointHalt
 .text.USBUART_ValidateAlternateSetting
                0x000090b4       0x70 .\CortexM3\ARM_GCC_541\Debug\FreeRTOS_Demo.a(USBUART_std.o)
                0x000090b4                USBUART_ValidateAlternateSetting
 .text.USBUART_HandleVendorRqst
                0x00009124       0x34 .\CortexM3\ARM_GCC_541\Debug\FreeRTOS_Demo.a(USBUART_vnd.o)
                0x00009124                USBUART_HandleVendorRqst
 .text.High_Frequency_PWM_1_Start
                0x00009158       0x24 .\CortexM3\ARM_GCC_541\Debug\FreeRTOS_Demo.a(High_Frequency_PWM_1.o)
                0x00009158                High_Frequency_PWM_1_Start
 .text.High_Frequency_PWM_1_Init
                0x0000917c       0x94 .\CortexM3\ARM_GCC_541\Debug\FreeRTOS_Demo.a(High_Frequency_PWM_1.o)
                0x0000917c                High_Frequency_PWM_1_Init
 .text.High_Frequency_PWM_1_Enable
                0x00009210       0x20 .\CortexM3\ARM_GCC_541\Debug\FreeRTOS_Demo.a(High_Frequency_PWM_1.o)
                0x00009210                High_Frequency_PWM_1_Enable
 .text.High_Frequency_PWM_1_WriteCounter
                0x00009230       0x20 .\CortexM3\ARM_GCC_541\Debug\FreeRTOS_Demo.a(High_Frequency_PWM_1.o)
                0x00009230                High_Frequency_PWM_1_WriteCounter
 .text.High_Frequency_PWM_1_ClearFIFO
                0x00009250       0x1c .\CortexM3\ARM_GCC_541\Debug\FreeRTOS_Demo.a(High_Frequency_PWM_1.o)
                0x00009250                High_Frequency_PWM_1_ClearFIFO
 .text.High_Frequency_PWM_1_WritePeriod
                0x0000926c       0x20 .\CortexM3\ARM_GCC_541\Debug\FreeRTOS_Demo.a(High_Frequency_PWM_1.o)
                0x0000926c                High_Frequency_PWM_1_WritePeriod
 .text.High_Frequency_PWM_1_WriteCompare
                0x0000928c       0x20 .\CortexM3\ARM_GCC_541\Debug\FreeRTOS_Demo.a(High_Frequency_PWM_1.o)
                0x0000928c                High_Frequency_PWM_1_WriteCompare
 .text.High_Frequency_PWM_1_SetInterruptMode
                0x000092ac       0x20 .\CortexM3\ARM_GCC_541\Debug\FreeRTOS_Demo.a(High_Frequency_PWM_1.o)
                0x000092ac                High_Frequency_PWM_1_SetInterruptMode
 .text.High_Frequency_PWM_1_ReadStatusRegister
                0x000092cc       0x18 .\CortexM3\ARM_GCC_541\Debug\FreeRTOS_Demo.a(High_Frequency_PWM_1.o)
                0x000092cc                High_Frequency_PWM_1_ReadStatusRegister
 .text.High_Frequency_PWM_1_ReadCapture
                0x000092e4       0x18 .\CortexM3\ARM_GCC_541\Debug\FreeRTOS_Demo.a(High_Frequency_PWM_1.o)
                0x000092e4                High_Frequency_PWM_1_ReadCapture
 .text.isr_High_Frequency_2001Hz_StartEx
                0x000092fc       0x24 .\CortexM3\ARM_GCC_541\Debug\FreeRTOS_Demo.a(isr_High_Frequency_2001Hz.o)
                0x000092fc                isr_High_Frequency_2001Hz_StartEx
 .text.isr_High_Frequency_2001Hz_SetVector
                0x00009320       0x24 .\CortexM3\ARM_GCC_541\Debug\FreeRTOS_Demo.a(isr_High_Frequency_2001Hz.o)
                0x00009320                isr_High_Frequency_2001Hz_SetVector
 .text.isr_High_Frequency_2001Hz_SetPriority
                0x00009344       0x24 .\CortexM3\ARM_GCC_541\Debug\FreeRTOS_Demo.a(isr_High_Frequency_2001Hz.o)
                0x00009344                isr_High_Frequency_2001Hz_SetPriority
 .text.isr_High_Frequency_2001Hz_Enable
                0x00009368       0x18 .\CortexM3\ARM_GCC_541\Debug\FreeRTOS_Demo.a(isr_High_Frequency_2001Hz.o)
                0x00009368                isr_High_Frequency_2001Hz_Enable
 .text.isr_High_Frequency_2001Hz_Disable
                0x00009380       0x18 .\CortexM3\ARM_GCC_541\Debug\FreeRTOS_Demo.a(isr_High_Frequency_2001Hz.o)
                0x00009380                isr_High_Frequency_2001Hz_Disable
 .text.isr_High_Frequency_2001Hz_ClearPending
                0x00009398       0x18 .\CortexM3\ARM_GCC_541\Debug\FreeRTOS_Demo.a(isr_High_Frequency_2001Hz.o)
                0x00009398                isr_High_Frequency_2001Hz_ClearPending
 .text.Timer_20KHz_Init
                0x000093b0       0xa0 .\CortexM3\ARM_GCC_541\Debug\FreeRTOS_Demo.a(Timer_20KHz.o)
                0x000093b0                Timer_20KHz_Init
 .text.Timer_20KHz_Enable
                0x00009450       0x48 .\CortexM3\ARM_GCC_541\Debug\FreeRTOS_Demo.a(Timer_20KHz.o)
                0x00009450                Timer_20KHz_Enable
 .text.Timer_20KHz_Start
                0x00009498       0x24 .\CortexM3\ARM_GCC_541\Debug\FreeRTOS_Demo.a(Timer_20KHz.o)
                0x00009498                Timer_20KHz_Start
 .text.Timer_20KHz_SetInterruptMode
                0x000094bc       0x20 .\CortexM3\ARM_GCC_541\Debug\FreeRTOS_Demo.a(Timer_20KHz.o)
                0x000094bc                Timer_20KHz_SetInterruptMode
 .text.Timer_20KHz_WritePeriod
                0x000094dc       0x24 .\CortexM3\ARM_GCC_541\Debug\FreeRTOS_Demo.a(Timer_20KHz.o)
                0x000094dc                Timer_20KHz_WritePeriod
 .text.Timer_20KHz_WriteCounter
                0x00009500       0x20 .\CortexM3\ARM_GCC_541\Debug\FreeRTOS_Demo.a(Timer_20KHz.o)
                0x00009500                Timer_20KHz_WriteCounter
 .text.isrTimer_20KHz_TC_StartEx
                0x00009520       0x24 .\CortexM3\ARM_GCC_541\Debug\FreeRTOS_Demo.a(isrTimer_20KHz_TC.o)
                0x00009520                isrTimer_20KHz_TC_StartEx
 .text.isrTimer_20KHz_TC_SetVector
                0x00009544       0x24 .\CortexM3\ARM_GCC_541\Debug\FreeRTOS_Demo.a(isrTimer_20KHz_TC.o)
                0x00009544                isrTimer_20KHz_TC_SetVector
 .text.isrTimer_20KHz_TC_SetPriority
                0x00009568       0x24 .\CortexM3\ARM_GCC_541\Debug\FreeRTOS_Demo.a(isrTimer_20KHz_TC.o)
                0x00009568                isrTimer_20KHz_TC_SetPriority
 .text.isrTimer_20KHz_TC_Enable
                0x0000958c       0x18 .\CortexM3\ARM_GCC_541\Debug\FreeRTOS_Demo.a(isrTimer_20KHz_TC.o)
                0x0000958c                isrTimer_20KHz_TC_Enable
 .text.isrTimer_20KHz_TC_Disable
                0x000095a4       0x18 .\CortexM3\ARM_GCC_541\Debug\FreeRTOS_Demo.a(isrTimer_20KHz_TC.o)
                0x000095a4                isrTimer_20KHz_TC_Disable
 .text.Timer_48MHz_Init
                0x000095bc       0xa0 .\CortexM3\ARM_GCC_541\Debug\FreeRTOS_Demo.a(Timer_48MHz.o)
                0x000095bc                Timer_48MHz_Init
 .text.Timer_48MHz_Enable
                0x0000965c       0x48 .\CortexM3\ARM_GCC_541\Debug\FreeRTOS_Demo.a(Timer_48MHz.o)
                0x0000965c                Timer_48MHz_Enable
 .text.Timer_48MHz_Start
                0x000096a4       0x24 .\CortexM3\ARM_GCC_541\Debug\FreeRTOS_Demo.a(Timer_48MHz.o)
                0x000096a4                Timer_48MHz_Start
 .text.Timer_48MHz_SetInterruptMode
                0x000096c8       0x20 .\CortexM3\ARM_GCC_541\Debug\FreeRTOS_Demo.a(Timer_48MHz.o)
                0x000096c8                Timer_48MHz_SetInterruptMode
 .text.Timer_48MHz_WritePeriod
                0x000096e8       0x24 .\CortexM3\ARM_GCC_541\Debug\FreeRTOS_Demo.a(Timer_48MHz.o)
                0x000096e8                Timer_48MHz_WritePeriod
 .text.Timer_48MHz_WriteCounter
                0x0000970c       0x20 .\CortexM3\ARM_GCC_541\Debug\FreeRTOS_Demo.a(Timer_48MHz.o)
                0x0000970c                Timer_48MHz_WriteCounter
 .text.Timer_48MHz_ReadCounter
                0x0000972c       0x20 .\CortexM3\ARM_GCC_541\Debug\FreeRTOS_Demo.a(Timer_48MHz.o)
                0x0000972c                Timer_48MHz_ReadCounter
 .text.UART_1_IntClock_Start
                0x0000974c       0x34 .\CortexM3\ARM_GCC_541\Debug\FreeRTOS_Demo.a(UART_1_IntClock.o)
                0x0000974c                UART_1_IntClock_Start
 .text.USBUART_Dp_ClearInterrupt
                0x00009780       0x20 .\CortexM3\ARM_GCC_541\Debug\FreeRTOS_Demo.a(USBUART_Dp.o)
                0x00009780                USBUART_Dp_ClearInterrupt
 .text.CyHalt   0x000097a0       0x18 .\CortexM3\ARM_GCC_541\Debug\FreeRTOS_Demo.a(CyLib.o)
                0x000097a0                CyHalt
 .text.CyDelayUs
                0x000097b8       0x28 .\CortexM3\ARM_GCC_541\Debug\FreeRTOS_Demo.a(CyLib.o)
                0x000097b8                CyDelayUs
 .text.CyIntSetVector
                0x000097e0       0x50 .\CortexM3\ARM_GCC_541\Debug\FreeRTOS_Demo.a(CyLib.o)
                0x000097e0                CyIntSetVector
 .text.CyIntSetPriority
                0x00009830       0x48 .\CortexM3\ARM_GCC_541\Debug\FreeRTOS_Demo.a(CyLib.o)
                0x00009830                CyIntSetPriority
 .text.CyGetUniqueId
                0x00009878       0xc4 .\CortexM3\ARM_GCC_541\Debug\FreeRTOS_Demo.a(CyLib.o)
                0x00009878                CyGetUniqueId
 *fill*         0x0000993c        0x4 
 .text          0x00009940       0x20 .\CortexM3\ARM_GCC_541\Debug\FreeRTOS_Demo.a(CyBootAsmGnu.o)
                0x00009940                CyDelayCycles
                0x00009950                CyEnterCriticalSection
                0x00009958                CyExitCriticalSection
 .text.USBUART_DispatchClassRqst
                0x00009960       0x7c .\CortexM3\ARM_GCC_541\Debug\FreeRTOS_Demo.a(USBUART_cls.o)
                0x00009960                USBUART_DispatchClassRqst
 .text          0x000099dc      0x370 c:/program files (x86)/cypress/psoc creator/4.4/psoc creator/import/gnu/arm/5.4.1/bin/../lib/gcc/arm-none-eabi/5.4.1/armv7-m\libgcc.a(_arm_addsubdf3.o)
                0x000099dc                __aeabi_drsub
                0x000099e4                __aeabi_dsub
                0x000099e4                __subdf3
                0x000099e8                __aeabi_dadd
                0x000099e8                __adddf3
                0x00009c60                __floatunsidf
                0x00009c60                __aeabi_ui2d
                0x00009c80                __floatsidf
                0x00009c80                __aeabi_i2d
                0x00009ca4                __aeabi_f2d
                0x00009ca4                __extendsfdf2
                0x00009ce0                __floatundidf
                0x00009ce0                __aeabi_ul2d
                0x00009cf0                __floatdidf
                0x00009cf0                __aeabi_l2d
 .text          0x00009d4c      0x424 c:/program files (x86)/cypress/psoc creator/4.4/psoc creator/import/gnu/arm/5.4.1/bin/../lib/gcc/arm-none-eabi/5.4.1/armv7-m\libgcc.a(_arm_muldivdf3.o)
                0x00009d4c                __aeabi_dmul
                0x00009d4c                __muldf3
                0x00009fa0                __divdf3
                0x00009fa0                __aeabi_ddiv
 .text          0x0000a170      0x110 c:/program files (x86)/cypress/psoc creator/4.4/psoc creator/import/gnu/arm/5.4.1/bin/../lib/gcc/arm-none-eabi/5.4.1/armv7-m\libgcc.a(_arm_cmpdf2.o)
                0x0000a170                __gtdf2
                0x0000a170                __gedf2
                0x0000a178                __ltdf2
                0x0000a178                __ledf2
                0x0000a180                __nedf2
                0x0000a180                __eqdf2
                0x0000a180                __cmpdf2
                0x0000a1fc                __aeabi_cdrcmple
                0x0000a20c                __aeabi_cdcmpeq
                0x0000a20c                __aeabi_cdcmple
                0x0000a21c                __aeabi_dcmpeq
                0x0000a230                __aeabi_dcmplt
                0x0000a244                __aeabi_dcmple
                0x0000a258                __aeabi_dcmpge
                0x0000a26c                __aeabi_dcmpgt
 .text          0x0000a280       0x40 c:/program files (x86)/cypress/psoc creator/4.4/psoc creator/import/gnu/arm/5.4.1/bin/../lib/gcc/arm-none-eabi/5.4.1/armv7-m\libgcc.a(_arm_fixunsdfsi.o)
                0x0000a280                __aeabi_d2uiz
                0x0000a280                __fixunsdfsi
 .text          0x0000a2c0       0x30 c:/program files (x86)/cypress/psoc creator/4.4/psoc creator/import/gnu/arm/5.4.1/bin/../lib/gcc/arm-none-eabi/5.4.1/armv7-m\libgcc.a(_aeabi_uldivmod.o)
                0x0000a2c0                __aeabi_uldivmod
 .text          0x0000a2f0       0x30 c:/program files (x86)/cypress/psoc creator/4.4/psoc creator/import/gnu/arm/5.4.1/bin/../lib/gcc/arm-none-eabi/5.4.1/armv7-m\libgcc.a(_fixdfdi.o)
                0x0000a2f0                __fixdfdi
                0x0000a2f0                __aeabi_d2lz
 .text          0x0000a320       0x48 c:/program files (x86)/cypress/psoc creator/4.4/psoc creator/import/gnu/arm/5.4.1/bin/../lib/gcc/arm-none-eabi/5.4.1/armv7-m\libgcc.a(_fixunsdfdi.o)
                0x0000a320                __fixunsdfdi
                0x0000a320                __aeabi_d2ulz
 .text          0x0000a368      0x2ec c:/program files (x86)/cypress/psoc creator/4.4/psoc creator/import/gnu/arm/5.4.1/bin/../lib/gcc/arm-none-eabi/5.4.1/armv7-m\libgcc.a(_udivmoddi4.o)
                0x0000a368                __udivmoddi4
 .text          0x0000a654        0x4 c:/program files (x86)/cypress/psoc creator/4.4/psoc creator/import/gnu/arm/5.4.1/bin/../lib/gcc/arm-none-eabi/5.4.1/armv7-m\libgcc.a(_dvmd_tls.o)
                0x0000a654                __aeabi_idiv0
                0x0000a654                __aeabi_ldiv0
 .text.__errno  0x0000a658        0xc c:/program files (x86)/cypress/psoc creator/4.4/psoc creator/import/gnu/arm/5.4.1/bin/../lib/gcc/arm-none-eabi/5.4.1/../../../../arm-none-eabi/lib/armv7-m\libg_nano.a(lib_a-errno.o)
                0x0000a658                __errno
 .text.__libc_init_array
                0x0000a664       0x4c c:/program files (x86)/cypress/psoc creator/4.4/psoc creator/import/gnu/arm/5.4.1/bin/../lib/gcc/arm-none-eabi/5.4.1/../../../../arm-none-eabi/lib/armv7-m\libg_nano.a(lib_a-init.o)
                0x0000a664                __libc_init_array
 .text.memcpy   0x0000a6b0       0x16 c:/program files (x86)/cypress/psoc creator/4.4/psoc creator/import/gnu/arm/5.4.1/bin/../lib/gcc/arm-none-eabi/5.4.1/../../../../arm-none-eabi/lib/armv7-m\libg_nano.a(lib_a-memcpy-stub.o)
                0x0000a6b0                memcpy
 .text.memset   0x0000a6c6       0x10 c:/program files (x86)/cypress/psoc creator/4.4/psoc creator/import/gnu/arm/5.4.1/bin/../lib/gcc/arm-none-eabi/5.4.1/../../../../arm-none-eabi/lib/armv7-m\libg_nano.a(lib_a-memset.o)
                0x0000a6c6                memset
 *(.plt)
 *(.gnu.warning)
 *(.glue_7t)
 .glue_7t       0x0000a6d6        0x0 linker stubs
 *(.glue_7)
 .glue_7        0x0000a6d6        0x0 linker stubs
 *(.vfp11_veneer)
 .vfp11_veneer  0x0000a6d6        0x0 linker stubs
 *(.bootloader)
 *(.ARM.extab* .gnu.linkonce.armextab.*)
 *(.gcc_except_table)

.v4_bx          0x0000a6d8        0x0
 .v4_bx         0x0000a6d8        0x0 linker stubs

.iplt           0x0000a6d8        0x0
 .iplt          0x0000a6d8        0x0 c:/program files (x86)/cypress/psoc creator/4.4/psoc creator/import/gnu/arm/5.4.1/bin/../lib/gcc/arm-none-eabi/5.4.1/armv7-m/crtbegin.o

.eh_frame_hdr
 *(.eh_frame_hdr)

.eh_frame       0x0000a6d8        0x4
 *(.eh_frame)
 .eh_frame      0x0000a6d8        0x0 c:/program files (x86)/cypress/psoc creator/4.4/psoc creator/import/gnu/arm/5.4.1/bin/../lib/gcc/arm-none-eabi/5.4.1/armv7-m/crtbegin.o
 .eh_frame      0x0000a6d8        0x4 c:/program files (x86)/cypress/psoc creator/4.4/psoc creator/import/gnu/arm/5.4.1/bin/../lib/gcc/arm-none-eabi/5.4.1/armv7-m/crtend.o
                [!provide]                PROVIDE (__exidx_start, .)

.ARM.exidx      0x0000a6dc        0x8
 *(.ARM.exidx* .gnu.linkonce.armexidx.*)
 .ARM.exidx     0x0000a6dc        0x8 c:/program files (x86)/cypress/psoc creator/4.4/psoc creator/import/gnu/arm/5.4.1/bin/../lib/gcc/arm-none-eabi/5.4.1/armv7-m\libgcc.a(_udivmoddi4.o)
                0x0000a6e4                __exidx_end = .

.rodata         0x0000a6e4      0x52c
 *(.rodata .rodata.* .gnu.linkonce.r.*)
 .rodata        0x0000a6e4       0x20 .\CortexM3\ARM_GCC_541\Debug\PollQ.o
 .rodata        0x0000a704       0x33 .\CortexM3\ARM_GCC_541\Debug\QPeek.o
 *fill*         0x0000a737        0x1 
 .rodata        0x0000a738       0x3f .\CortexM3\ARM_GCC_541\Debug\semtest.o
 *fill*         0x0000a777        0x1 
 .rodata        0x0000a778       0x30 .\CortexM3\ARM_GCC_541\Debug\BlockQ.o
 .rodata        0x0000a7a8       0x23 .\CortexM3\ARM_GCC_541\Debug\blocktim.o
 *fill*         0x0000a7cb        0x1 
 .rodata        0x0000a7cc        0xe .\CortexM3\ARM_GCC_541\Debug\comtest.o
 *fill*         0x0000a7da        0x2 
 .rodata        0x0000a7dc       0x2d .\CortexM3\ARM_GCC_541\Debug\countsem.o
 *fill*         0x0000a809        0x3 
 .rodata        0x0000a80c       0x1c .\CortexM3\ARM_GCC_541\Debug\death.o
 .rodata        0x0000a828       0x40 .\CortexM3\ARM_GCC_541\Debug\dynamic.o
 .rodata        0x0000a868        0x5 .\CortexM3\ARM_GCC_541\Debug\flash.o
 *fill*         0x0000a86d        0x3 
 .rodata        0x0000a870       0x1e .\CortexM3\ARM_GCC_541\Debug\flop.o
 *fill*         0x0000a88e        0x2 
 .rodata        0x0000a890       0x3f .\CortexM3\ARM_GCC_541\Debug\GenQTest.o
 *fill*         0x0000a8cf        0x1 
 .rodata        0x0000a8d0        0x8 .\CortexM3\ARM_GCC_541\Debug\integer.o
 .rodata        0x0000a8d8       0x4e .\CortexM3\ARM_GCC_541\Debug\IntQueue.o
 *fill*         0x0000a926        0x2 
 .rodata        0x0000a928        0x5 .\CortexM3\ARM_GCC_541\Debug\tasks.o
 *fill*         0x0000a92d        0x3 
 .rodata        0x0000a930       0x50 .\CortexM3\ARM_GCC_541\Debug\main.o
 .rodata        0x0000a980       0x87 .\CortexM3\ARM_GCC_541\Debug\xformatc.o
 *fill*         0x0000aa07        0x1 
 .rodata        0x0000aa08       0x12 .\CortexM3\ARM_GCC_541\Debug\USBSerial.o
                0x0000aa08                xDelay
                0x0000aa0c                mDelay
 *fill*         0x0000aa1a        0x2 
 .rodata        0x0000aa1c       0x46 .\CortexM3\ARM_GCC_541\Debug\cyfitter_cfg.o
 *fill*         0x0000aa62        0x2 
 .rodata        0x0000aa64       0x11 .\CortexM3\ARM_GCC_541\Debug\FreeRTOS_Demo.a(USBUART_std.o)
 *fill*         0x0000aa75        0x3 
 .rodata        0x0000aa78      0x160 .\CortexM3\ARM_GCC_541\Debug\FreeRTOS_Demo.a(USBUART_descr.o)
                0x0000aa78                USBUART_DEVICE0_DESCR
                0x0000aa8c                USBUART_DEVICE0_CONFIGURATION0_DESCR
                0x0000aad0                USBUART_STRING_DESCRIPTORS
                0x0000ab70                USBUART_SN_STRING_DESCRIPTOR
                0x0000ab74                USBUART_DEVICE0_CONFIGURATION0_EP_SETTINGS_TABLE
                0x0000ab8c                USBUART_DEVICE0_CONFIGURATION0_INTERFACE_CLASS
                0x0000ab90                USBUART_DEVICE0_CONFIGURATION0_TABLE
                0x0000abb8                USBUART_DEVICE0_TABLE
                0x0000abd0                USBUART_TABLE
 .rodata.str1.1
                0x0000abd8        0x2 c:/program files (x86)/cypress/psoc creator/4.4/psoc creator/import/gnu/arm/5.4.1/bin/../lib/gcc/arm-none-eabi/5.4.1/../../../../arm-none-eabi/lib/armv7-m\libg_nano.a(lib_a-impure.o)
                0x0000abdc                . = ALIGN (0x4)
 *fill*         0x0000abda        0x2 
 *(.init)
 .init          0x0000abdc        0x4 c:/program files (x86)/cypress/psoc creator/4.4/psoc creator/import/gnu/arm/5.4.1/bin/../lib/gcc/arm-none-eabi/5.4.1/armv7-m/crti.o
                0x0000abdc                _init
 .init          0x0000abe0        0x8 c:/program files (x86)/cypress/psoc creator/4.4/psoc creator/import/gnu/arm/5.4.1/bin/../lib/gcc/arm-none-eabi/5.4.1/armv7-m/crtn.o
                0x0000abe8                . = ALIGN (0x4)
                0x0000abe8                __preinit_array_start = .
 *(.preinit_array)
                0x0000abe8                __preinit_array_end = .
                0x0000abe8                . = ALIGN (0x4)
                0x0000abe8                __init_array_start = .
 *(SORT(.init_array.*))
 *(.init_array)
 .init_array    0x0000abe8        0x4 c:/program files (x86)/cypress/psoc creator/4.4/psoc creator/import/gnu/arm/5.4.1/bin/../lib/gcc/arm-none-eabi/5.4.1/armv7-m/crtbegin.o
 .init_array    0x0000abec        0x4 .\CortexM3\ARM_GCC_541\Debug\Cm3Start.o
                0x0000abf0                __init_array_end = .
                0x0000abf0                . = ALIGN (0x4)
 *(.fini)
 .fini          0x0000abf0        0x4 c:/program files (x86)/cypress/psoc creator/4.4/psoc creator/import/gnu/arm/5.4.1/bin/../lib/gcc/arm-none-eabi/5.4.1/armv7-m/crti.o
                0x0000abf0                _fini
 .fini          0x0000abf4        0x8 c:/program files (x86)/cypress/psoc creator/4.4/psoc creator/import/gnu/arm/5.4.1/bin/../lib/gcc/arm-none-eabi/5.4.1/armv7-m/crtn.o
                0x0000abfc                . = ALIGN (0x4)
                0x0000abfc                __fini_array_start = .
 *(.fini_array)
 .fini_array    0x0000abfc        0x4 c:/program files (x86)/cypress/psoc creator/4.4/psoc creator/import/gnu/arm/5.4.1/bin/../lib/gcc/arm-none-eabi/5.4.1/armv7-m/crtbegin.o
 *(SORT(.fini_array.*))
                0x0000ac00                __fini_array_end = .
                0x0000ac00                . = ALIGN (0x4)
 *crtbegin.o(.ctors)
 *(EXCLUDE_FILE(*crtend.o) .ctors)
 *(SORT(.ctors.*))
 *crtend.o(.ctors)
                0x0000ac00                . = ALIGN (0x4)
 *crtbegin.o(.dtors)
 *(EXCLUDE_FILE(*crtend.o) .dtors)
 *(SORT(.dtors.*))
 *crtend.o(.dtors)
                0x0000ac00                . = ALIGN (0x4)
                0x0000ac00                __cy_regions = .
                0x0000ac00        0x4 LONG 0xac10 __cy_region_init_ram
                0x0000ac04        0x4 LONG 0x1fff80c8 __cy_region_start_data
                0x0000ac08        0x4 LONG 0xa8 __cy_region_init_size_ram
                0x0000ac0c        0x4 LONG 0x8578 __cy_region_zero_size_ram
                0x0000ac10                __cy_regions_end = .
                0x0000ac10                . = ALIGN (0x8)
                0x0000ac10                _etext = .

.cy_checksum_exclude
                0x0000ac10        0x0
 *(.cy_checksum_exclude)

.ramvectors     0x1fff8000       0xc0
                0x1fff8000                __cy_region_start_ram = .
 *(.ramvectors)
 .ramvectors    0x1fff8000       0xc0 .\CortexM3\ARM_GCC_541\Debug\Cm3Start.o
                0x1fff8000                CyRamVectors

.noinit         0x1fff80c0        0x5
 *(.noinit)
 .noinit        0x1fff80c0        0x4 .\CortexM3\ARM_GCC_541\Debug\Cm3Start.o
 .noinit        0x1fff80c4        0x1 .\CortexM3\ARM_GCC_541\Debug\FreeRTOS_Demo.a(CyLib.o)
                0x1fff80c4                CyResetStatus

.data           0x1fff80c8       0xa8 load address 0x0000ac10
                0x1fff80c8                __cy_region_start_data = .
 *(.jcr)
 .jcr           0x1fff80c8        0x0 c:/program files (x86)/cypress/psoc creator/4.4/psoc creator/import/gnu/arm/5.4.1/bin/../lib/gcc/arm-none-eabi/5.4.1/armv7-m/crtbegin.o
 .jcr           0x1fff80c8        0x4 c:/program files (x86)/cypress/psoc creator/4.4/psoc creator/import/gnu/arm/5.4.1/bin/../lib/gcc/arm-none-eabi/5.4.1/armv7-m/crtend.o
 *(.got.plt)
 *(.got)
 *(.shdata)
 *(.data .data.* .gnu.linkonce.d.*)
 .data          0x1fff80cc        0x2 .\CortexM3\ARM_GCC_541\Debug\death.o
 *fill*         0x1fff80ce        0x2 
 .data          0x1fff80d0        0x4 .\CortexM3\ARM_GCC_541\Debug\IntQueue.o
 .data          0x1fff80d4        0x4 .\CortexM3\ARM_GCC_541\Debug\heap_2.o
 .data          0x1fff80d8        0x4 .\CortexM3\ARM_GCC_541\Debug\port.o
 .data          0x1fff80dc       0x1a .\CortexM3\ARM_GCC_541\Debug\FreeRTOS_Demo.a(USBUART_cdc.o)
                0x1fff80dc                USBUART_linesCoding
 *fill*         0x1fff80f6        0x2 
 .data          0x1fff80f8       0x10 .\CortexM3\ARM_GCC_541\Debug\FreeRTOS_Demo.a(CyLib.o)
                0x1fff80f8                cydelay_freq_hz
                0x1fff80fc                cydelay_freq_khz
                0x1fff8100                cydelay_freq_mhz
                0x1fff8104                cydelay_32k_ms
 .data.impure_data
                0x1fff8108       0x60 c:/program files (x86)/cypress/psoc creator/4.4/psoc creator/import/gnu/arm/5.4.1/bin/../lib/gcc/arm-none-eabi/5.4.1/../../../../arm-none-eabi/lib/armv7-m\libg_nano.a(lib_a-impure.o)
 .data._impure_ptr
                0x1fff8168        0x4 c:/program files (x86)/cypress/psoc creator/4.4/psoc creator/import/gnu/arm/5.4.1/bin/../lib/gcc/arm-none-eabi/5.4.1/../../../../arm-none-eabi/lib/armv7-m\libg_nano.a(lib_a-impure.o)
                0x1fff8168                _impure_ptr
                0x1fff8170                . = ALIGN (0x8)
 *fill*         0x1fff816c        0x4 
 *(.ram)
                0x1fff8170                _edata = .

.igot.plt       0x1fff8170        0x0 load address 0x0000acb8
 .igot.plt      0x1fff8170        0x0 c:/program files (x86)/cypress/psoc creator/4.4/psoc creator/import/gnu/arm/5.4.1/bin/../lib/gcc/arm-none-eabi/5.4.1/armv7-m/crtbegin.o

.bss            0x1fff8170     0x8578 load address 0x0000acb8
                0x1fff8170                PROVIDE (__bss_start__, .)
 *(.shbss)
 *(.bss .bss.* .gnu.linkonce.b.*)
 .bss           0x1fff8170       0x1c c:/program files (x86)/cypress/psoc creator/4.4/psoc creator/import/gnu/arm/5.4.1/bin/../lib/gcc/arm-none-eabi/5.4.1/armv7-m/crtbegin.o
 .bss           0x1fff818c        0xc .\CortexM3\ARM_GCC_541\Debug\PollQ.o
 .bss           0x1fff8198        0xc .\CortexM3\ARM_GCC_541\Debug\QPeek.o
 .bss           0x1fff81a4       0x14 .\CortexM3\ARM_GCC_541\Debug\semtest.o
 .bss           0x1fff81b8       0x1e .\CortexM3\ARM_GCC_541\Debug\BlockQ.o
 *fill*         0x1fff81d6        0x2 
 .bss           0x1fff81d8       0x20 .\CortexM3\ARM_GCC_541\Debug\blocktim.o
 .bss           0x1fff81f8        0xc .\CortexM3\ARM_GCC_541\Debug\comtest.o
 .bss           0x1fff8204       0x24 .\CortexM3\ARM_GCC_541\Debug\countsem.o
 .bss           0x1fff8228        0xc .\CortexM3\ARM_GCC_541\Debug\death.o
 .bss           0x1fff8234       0x28 .\CortexM3\ARM_GCC_541\Debug\dynamic.o
 .bss           0x1fff825c        0x4 .\CortexM3\ARM_GCC_541\Debug\flash.o
 .bss           0x1fff8260        0x8 .\CortexM3\ARM_GCC_541\Debug\flop.o
 .bss           0x1fff8268       0x20 .\CortexM3\ARM_GCC_541\Debug\GenQTest.o
 .bss           0x1fff8288        0x4 .\CortexM3\ARM_GCC_541\Debug\integer.o
 .bss           0x1fff828c      0x1d0 .\CortexM3\ARM_GCC_541\Debug\IntQueue.o
 .bss           0x1fff845c      0x104 .\CortexM3\ARM_GCC_541\Debug\tasks.o
                0x1fff845c                pxCurrentTCB
 .bss           0x1fff8560     0x8014 .\CortexM3\ARM_GCC_541\Debug\heap_2.o
 .bss           0x20000574        0x4 .\CortexM3\ARM_GCC_541\Debug\ParTest.o
 .bss           0x20000578        0x8 .\CortexM3\ARM_GCC_541\Debug\Serial.o
 .bss           0x20000580        0x8 .\CortexM3\ARM_GCC_541\Debug\TimerTest.o
                0x20000580                usMaxJitter
 .bss           0x20000588        0x2 .\CortexM3\ARM_GCC_541\Debug\FreeRTOS_Demo.a(UART_1.o)
                0x20000588                UART_1_initVar
 .bss           0x2000058a        0x1 .\CortexM3\ARM_GCC_541\Debug\FreeRTOS_Demo.a(High_Frequency_PWM_0.o)
                0x2000058a                High_Frequency_PWM_0_initVar
 .bss           0x2000058b        0x1 .\CortexM3\ARM_GCC_541\Debug\FreeRTOS_Demo.a(USBUART.o)
                0x2000058b                USBUART_initVar
 .bss           0x2000058c        0x1 .\CortexM3\ARM_GCC_541\Debug\FreeRTOS_Demo.a(USBUART_cdc.o)
 *fill*         0x2000058d        0x3 
 .bss           0x20000590        0x2 .\CortexM3\ARM_GCC_541\Debug\FreeRTOS_Demo.a(USBUART_std.o)
 .bss           0x20000592        0x1 .\CortexM3\ARM_GCC_541\Debug\FreeRTOS_Demo.a(High_Frequency_PWM_1.o)
                0x20000592                High_Frequency_PWM_1_initVar
 .bss           0x20000593        0x1 .\CortexM3\ARM_GCC_541\Debug\FreeRTOS_Demo.a(Timer_20KHz.o)
                0x20000593                Timer_20KHz_initVar
 .bss           0x20000594        0x1 .\CortexM3\ARM_GCC_541\Debug\FreeRTOS_Demo.a(Timer_48MHz.o)
                0x20000594                Timer_48MHz_initVar
 *(COMMON)
 *fill*         0x20000595        0x3 
 COMMON         0x20000598        0xc .\CortexM3\ARM_GCC_541\Debug\QPeek.o
                0x20000598                xHighPriorityTask
                0x2000059c                xMediumPriorityTask
                0x200005a0                xHighestPriorityTask
 COMMON         0x200005a4        0x4 .\CortexM3\ARM_GCC_541\Debug\death.o
                0x200005a4                xCreatedTask
 COMMON         0x200005a8        0x4 .\CortexM3\ARM_GCC_541\Debug\dynamic.o
                0x200005a8                xSuspendedTestQueue
 COMMON         0x200005ac       0x10 .\CortexM3\ARM_GCC_541\Debug\IntQueue.o
                0x200005ac                xHighPriorityNormallyEmptyTask2
                0x200005b0                xHighPriorityNormallyFullTask1
                0x200005b4                xHighPriorityNormallyEmptyTask1
                0x200005b8                xHighPriorityNormallyFullTask2
 COMMON         0x200005bc       0x50 .\CortexM3\ARM_GCC_541\Debug\queue.o
                0x200005bc                xQueueRegistry
 COMMON         0x2000060c        0x4 .\CortexM3\ARM_GCC_541\Debug\USBSerial.o
                0x2000060c                USBMutex
 COMMON         0x20000610       0x18 .\CortexM3\ARM_GCC_541\Debug\FreeRTOS_Demo.a(USBUART_cdc.o)
                0x20000610                USBUART_linesChanged
                0x20000614                USBUART_cdcDataInEp
                0x20000618                USBUART_cdcCommInInterruptEp
                0x2000061c                USBUART_cdcDataOutEp
                0x20000620                USBUART_serialStateBitmap
                0x20000624                USBUART_linesControlBitmap
 COMMON         0x20000628       0x9a .\CortexM3\ARM_GCC_541\Debug\FreeRTOS_Demo.a(USBUART_drv.o)
                0x20000628                USBUART_lastPacketSize
                0x20000629                USBUART_device
                0x2000062a                USBUART_transferByteCount
                0x2000062c                USBUART_transferState
                0x20000630                USBUART_interfaceSettingLast
                0x20000634                USBUART_currentTD
                0x20000640                USBUART_interfaceNumber
                0x20000644                USBUART_interfaceClass
                0x20000648                USBUART_configurationChanged
                0x20000649                USBUART_ep0Mode
                0x2000064a                USBUART_deviceAddress
                0x2000064b                USBUART_configuration
                0x2000064c                USBUART_ep0Count
                0x2000064d                USBUART_deviceStatus
                0x20000650                USBUART_EP
                0x200006bc                USBUART_interfaceSetting
                0x200006be                USBUART_ep0Toggle
                0x200006c0                USBUART_interfaceStatus
 *fill*         0x200006c2        0x2 
 COMMON         0x200006c4       0x22 .\CortexM3\ARM_GCC_541\Debug\FreeRTOS_Demo.a(USBUART_descr.o)
                0x200006c4                USBUART_idSerialNumberStringDescriptor
                0x200006e8                . = ALIGN (0x8)
 *fill*         0x200006e6        0x2 
 *(.ram.b)
                0x200006e8                _end = .
                0x200006e8                __end = .
                0x200006e8                PROVIDE (end, .)
                0x200006e8                PROVIDE (__bss_end__, .)
                0x0000ac10                __cy_region_init_ram = LOADADDR (.data)
                0x000000a8                __cy_region_init_size_ram = (_edata - ADDR (.data))
                0x00008578                __cy_region_zero_size_ram = (_end - _edata)

.heap           0x200006e8     0x1000 load address 0x0000acb8
                0x200006e8                . = _end
                0x200016e8                . = (. + 0x1000)
 *fill*         0x200006e8     0x1000 
                0x200016e8                __cy_heap_limit = .

.stack          0x20006c00     0x1400
                0x20006c00                __cy_stack_limit = .
                0x20008000                . = (. + 0x1400)
 *fill*         0x20006c00     0x1400 
                0x00000001                ASSERT ((__cy_stack_limit >= __cy_heap_limit), region RAM overflowed with stack)
                0x00000000                cy_checksum_exclude_size = (CY_APPL_LOADABLE == 0x1)?SIZEOF (.cy_checksum_exclude):0x0
                0x00000001                ASSERT ((cy_checksum_exclude_size <= CY_CHECKSUM_EXCLUDE_SIZE), CY_BOOT: Section .cy_checksum_exclude size exceedes specified limit.)

.cyloadermeta
 *(.cyloadermeta)

.cyloadablemeta
 *(.cyloadablemeta)

.cyconfigecc    0x80000000      0x634
 *(.cyconfigecc)
 .cyconfigecc   0x80000000      0x634 .\CortexM3\ARM_GCC_541\Debug\cymetadata.o
                0x80000000                cy_meta_configecc

.cycustnvl      0x90000000        0x4
 *(.cycustnvl)
 .cycustnvl     0x90000000        0x4 .\CortexM3\ARM_GCC_541\Debug\cymetadata.o
                0x90000000                cy_meta_custnvl

.cywolatch      0x90100000        0x4
 *(.cywolatch)
 .cywolatch     0x90100000        0x4 .\CortexM3\ARM_GCC_541\Debug\cymetadata.o
                0x90100000                cy_meta_wonvl

.cyeeprom       0x90200000        0x0
 *(.cyeeprom)
                0x00000001                ASSERT ((. <= ((0x90200000 + ee_offset) + ee_size)), .cyeeprom data will not fit in EEPROM)

.cyflashprotect
                0x90400000      0x100
 *(.cyflashprotect)
 .cyflashprotect
                0x90400000      0x100 .\CortexM3\ARM_GCC_541\Debug\cymetadata.o
                0x90400000                cy_meta_flashprotect

.cymeta         0x90500000        0xc
 *(.cymeta)
 .cymeta        0x90500000        0xc .\CortexM3\ARM_GCC_541\Debug\cymetadata.o
                0x90500000                cy_metadata

.rel.dyn        0x0000acb8        0x0 load address 0x9050000c
 .rel.iplt      0x0000acb8        0x0 c:/program files (x86)/cypress/psoc creator/4.4/psoc creator/import/gnu/arm/5.4.1/bin/../lib/gcc/arm-none-eabi/5.4.1/armv7-m/crtbegin.o

.stab
 *(.stab)

.stabstr
 *(.stabstr)

.debug
 *(.debug)

.line
 *(.line)

.debug_srcinfo
 *(.debug_srcinfo)

.debug_sfnames
 *(.debug_sfnames)

.debug_aranges  0x00000000     0x1920
 *(.debug_aranges)
 .debug_aranges
                0x00000000       0x58 .\CortexM3\ARM_GCC_541\Debug\IntSemTest.o
 .debug_aranges
                0x00000058       0x38 .\CortexM3\ARM_GCC_541\Debug\PollQ.o
 .debug_aranges
                0x00000090       0x48 .\CortexM3\ARM_GCC_541\Debug\QPeek.o
 .debug_aranges
                0x000000d8       0x30 .\CortexM3\ARM_GCC_541\Debug\semtest.o
 .debug_aranges
                0x00000108       0x38 .\CortexM3\ARM_GCC_541\Debug\BlockQ.o
 .debug_aranges
                0x00000140       0x40 .\CortexM3\ARM_GCC_541\Debug\blocktim.o
 .debug_aranges
                0x00000180       0x38 .\CortexM3\ARM_GCC_541\Debug\comtest.o
 .debug_aranges
                0x000001b8       0x40 .\CortexM3\ARM_GCC_541\Debug\countsem.o
 .debug_aranges
                0x000001f8       0x38 .\CortexM3\ARM_GCC_541\Debug\death.o
 .debug_aranges
                0x00000230       0x50 .\CortexM3\ARM_GCC_541\Debug\dynamic.o
 .debug_aranges
                0x00000280       0x28 .\CortexM3\ARM_GCC_541\Debug\flash.o
 .debug_aranges
                0x000002a8       0x48 .\CortexM3\ARM_GCC_541\Debug\flop.o
 .debug_aranges
                0x000002f0       0x58 .\CortexM3\ARM_GCC_541\Debug\GenQTest.o
 .debug_aranges
                0x00000348       0x30 .\CortexM3\ARM_GCC_541\Debug\integer.o
 .debug_aranges
                0x00000378       0x78 .\CortexM3\ARM_GCC_541\Debug\IntQueue.o
 .debug_aranges
                0x000003f0      0x1a8 .\CortexM3\ARM_GCC_541\Debug\tasks.o
 .debug_aranges
                0x00000598       0x18 .\CortexM3\ARM_GCC_541\Debug\croutine.o
 .debug_aranges
                0x000005b0       0x40 .\CortexM3\ARM_GCC_541\Debug\list.o
 .debug_aranges
                0x000005f0       0xf8 .\CortexM3\ARM_GCC_541\Debug\queue.o
 .debug_aranges
                0x000006e8       0x40 .\CortexM3\ARM_GCC_541\Debug\heap_2.o
 .debug_aranges
                0x00000728       0x70 .\CortexM3\ARM_GCC_541\Debug\port.o
 .debug_aranges
                0x00000798       0x30 .\CortexM3\ARM_GCC_541\Debug\IntQueueTimer.o
 .debug_aranges
                0x000007c8       0x60 .\CortexM3\ARM_GCC_541\Debug\main.o
 .debug_aranges
                0x00000828       0x30 .\CortexM3\ARM_GCC_541\Debug\ParTest.o
 .debug_aranges
                0x00000858       0x48 .\CortexM3\ARM_GCC_541\Debug\Serial.o
 .debug_aranges
                0x000008a0       0x28 .\CortexM3\ARM_GCC_541\Debug\TimerTest.o
 .debug_aranges
                0x000008c8       0x50 .\CortexM3\ARM_GCC_541\Debug\xformatc.o
 .debug_aranges
                0x00000918       0x30 .\CortexM3\ARM_GCC_541\Debug\USBSerial.o
 .debug_aranges
                0x00000948       0x60 .\CortexM3\ARM_GCC_541\Debug\cyfitter_cfg.o
 .debug_aranges
                0x000009a8       0x18 .\CortexM3\ARM_GCC_541\Debug\cymetadata.o
 .debug_aranges
                0x000009c0       0x48 .\CortexM3\ARM_GCC_541\Debug\Cm3Start.o
 .debug_aranges
                0x00000a08       0xf0 .\CortexM3\ARM_GCC_541\Debug\FreeRTOS_Demo.a(UART_1.o)
 .debug_aranges
                0x00000af8       0x38 .\CortexM3\ARM_GCC_541\Debug\FreeRTOS_Demo.a(Pin_LED_0.o)
 .debug_aranges
                0x00000b30       0x80 .\CortexM3\ARM_GCC_541\Debug\FreeRTOS_Demo.a(isr_UART1_TX_BYTE_COMPLETE.o)
 .debug_aranges
                0x00000bb0       0x80 .\CortexM3\ARM_GCC_541\Debug\FreeRTOS_Demo.a(isr_UART1_RX_BYTE_RECEIVED.o)
 .debug_aranges
                0x00000c30       0x98 .\CortexM3\ARM_GCC_541\Debug\FreeRTOS_Demo.a(High_Frequency_PWM_0.o)
 .debug_aranges
                0x00000cc8       0x80 .\CortexM3\ARM_GCC_541\Debug\FreeRTOS_Demo.a(isr_High_Frequency_2000Hz.o)
 .debug_aranges
                0x00000d48       0xc8 .\CortexM3\ARM_GCC_541\Debug\FreeRTOS_Demo.a(USBUART.o)
 .debug_aranges
                0x00000e10       0xe8 .\CortexM3\ARM_GCC_541\Debug\FreeRTOS_Demo.a(USBUART_cdc.o)
 .debug_aranges
                0x00000ef8       0x98 .\CortexM3\ARM_GCC_541\Debug\FreeRTOS_Demo.a(USBUART_drv.o)
 .debug_aranges
                0x00000f90       0x40 .\CortexM3\ARM_GCC_541\Debug\FreeRTOS_Demo.a(USBUART_episr.o)
 .debug_aranges
                0x00000fd0       0x40 .\CortexM3\ARM_GCC_541\Debug\FreeRTOS_Demo.a(USBUART_pm.o)
 .debug_aranges
                0x00001010       0x80 .\CortexM3\ARM_GCC_541\Debug\FreeRTOS_Demo.a(USBUART_std.o)
 .debug_aranges
                0x00001090       0x20 .\CortexM3\ARM_GCC_541\Debug\FreeRTOS_Demo.a(USBUART_vnd.o)
 .debug_aranges
                0x000010b0       0x98 .\CortexM3\ARM_GCC_541\Debug\FreeRTOS_Demo.a(High_Frequency_PWM_1.o)
 .debug_aranges
                0x00001148       0x80 .\CortexM3\ARM_GCC_541\Debug\FreeRTOS_Demo.a(isr_High_Frequency_2001Hz.o)
 .debug_aranges
                0x000011c8       0x88 .\CortexM3\ARM_GCC_541\Debug\FreeRTOS_Demo.a(Timer_20KHz.o)
 .debug_aranges
                0x00001250       0x80 .\CortexM3\ARM_GCC_541\Debug\FreeRTOS_Demo.a(isrTimer_20KHz_TC.o)
 .debug_aranges
                0x000012d0       0x88 .\CortexM3\ARM_GCC_541\Debug\FreeRTOS_Demo.a(Timer_48MHz.o)
 .debug_aranges
                0x00001358       0x70 .\CortexM3\ARM_GCC_541\Debug\FreeRTOS_Demo.a(UART_1_IntClock.o)
 .debug_aranges
                0x000013c8       0x48 .\CortexM3\ARM_GCC_541\Debug\FreeRTOS_Demo.a(USBUART_Dp.o)
 .debug_aranges
                0x00001410      0x2a8 .\CortexM3\ARM_GCC_541\Debug\FreeRTOS_Demo.a(CyLib.o)
 .debug_aranges
                0x000016b8       0x98 .\CortexM3\ARM_GCC_541\Debug\FreeRTOS_Demo.a(cyPm.o)
 .debug_aranges
                0x00001750       0x80 .\CortexM3\ARM_GCC_541\Debug\FreeRTOS_Demo.a(CyScBoostClk.o)
 .debug_aranges
                0x000017d0       0x20 .\CortexM3\ARM_GCC_541\Debug\FreeRTOS_Demo.a(CyBootAsmGnu.o)
 .debug_aranges
                0x000017f0       0x20 .\CortexM3\ARM_GCC_541\Debug\FreeRTOS_Demo.a(USBUART_cls.o)
 .debug_aranges
                0x00001810       0x18 .\CortexM3\ARM_GCC_541\Debug\FreeRTOS_Demo.a(USBUART_descr.o)
 .debug_aranges
                0x00001828       0x80 .\CortexM3\ARM_GCC_541\Debug\FreeRTOS_Demo.a(CyFlash.o)
 .debug_aranges
                0x000018a8       0x78 .\CortexM3\ARM_GCC_541\Debug\FreeRTOS_Demo.a(CySpc.o)

.debug_pubnames
 *(.debug_pubnames)

.debug_info     0x00000000     0xe154
 *(.debug_info .gnu.linkonce.wi.*)
 .debug_info    0x00000000      0x327 .\CortexM3\ARM_GCC_541\Debug\IntSemTest.o
 .debug_info    0x00000327      0x251 .\CortexM3\ARM_GCC_541\Debug\PollQ.o
 .debug_info    0x00000578      0x2d7 .\CortexM3\ARM_GCC_541\Debug\QPeek.o
 .debug_info    0x0000084f      0x2d5 .\CortexM3\ARM_GCC_541\Debug\semtest.o
 .debug_info    0x00000b24      0x384 .\CortexM3\ARM_GCC_541\Debug\BlockQ.o
 .debug_info    0x00000ea8      0x339 .\CortexM3\ARM_GCC_541\Debug\blocktim.o
 .debug_info    0x000011e1      0x243 .\CortexM3\ARM_GCC_541\Debug\comtest.o
 .debug_info    0x00001424      0x2a0 .\CortexM3\ARM_GCC_541\Debug\countsem.o
 .debug_info    0x000016c4      0x275 .\CortexM3\ARM_GCC_541\Debug\death.o
 .debug_info    0x00001939      0x374 .\CortexM3\ARM_GCC_541\Debug\dynamic.o
 .debug_info    0x00001cad      0x190 .\CortexM3\ARM_GCC_541\Debug\flash.o
 .debug_info    0x00001e3d      0x3cb .\CortexM3\ARM_GCC_541\Debug\flop.o
 .debug_info    0x00002208      0x36c .\CortexM3\ARM_GCC_541\Debug\GenQTest.o
 .debug_info    0x00002574      0x1c5 .\CortexM3\ARM_GCC_541\Debug\integer.o
 .debug_info    0x00002739      0x930 .\CortexM3\ARM_GCC_541\Debug\IntQueue.o
 .debug_info    0x00003069     0x164a .\CortexM3\ARM_GCC_541\Debug\tasks.o
 .debug_info    0x000046b3       0xae .\CortexM3\ARM_GCC_541\Debug\croutine.o
 .debug_info    0x00004761      0x2dd .\CortexM3\ARM_GCC_541\Debug\list.o
 .debug_info    0x00004a3e      0xecd .\CortexM3\ARM_GCC_541\Debug\queue.o
 .debug_info    0x0000590b      0x32d .\CortexM3\ARM_GCC_541\Debug\heap_2.o
 .debug_info    0x00005c38      0x30b .\CortexM3\ARM_GCC_541\Debug\port.o
 .debug_info    0x00005f43      0x11d .\CortexM3\ARM_GCC_541\Debug\IntQueueTimer.o
 .debug_info    0x00006060      0x451 .\CortexM3\ARM_GCC_541\Debug\main.o
 .debug_info    0x000064b1      0x15b .\CortexM3\ARM_GCC_541\Debug\ParTest.o
 .debug_info    0x0000660c      0x3ea .\CortexM3\ARM_GCC_541\Debug\Serial.o
 .debug_info    0x000069f6      0x142 .\CortexM3\ARM_GCC_541\Debug\TimerTest.o
 .debug_info    0x00006b38      0x593 .\CortexM3\ARM_GCC_541\Debug\xformatc.o
 .debug_info    0x000070cb      0x1d5 .\CortexM3\ARM_GCC_541\Debug\USBSerial.o
 .debug_info    0x000072a0      0x460 .\CortexM3\ARM_GCC_541\Debug\cyfitter_cfg.o
 .debug_info    0x00007700      0x138 .\CortexM3\ARM_GCC_541\Debug\cymetadata.o
 .debug_info    0x00007838      0x325 .\CortexM3\ARM_GCC_541\Debug\Cm3Start.o
 .debug_info    0x00007b5d      0x50a .\CortexM3\ARM_GCC_541\Debug\FreeRTOS_Demo.a(UART_1.o)
 .debug_info    0x00008067      0x11e .\CortexM3\ARM_GCC_541\Debug\FreeRTOS_Demo.a(Pin_LED_0.o)
 .debug_info    0x00008185      0x241 .\CortexM3\ARM_GCC_541\Debug\FreeRTOS_Demo.a(isr_UART1_TX_BYTE_COMPLETE.o)
 .debug_info    0x000083c6      0x241 .\CortexM3\ARM_GCC_541\Debug\FreeRTOS_Demo.a(isr_UART1_RX_BYTE_RECEIVED.o)
 .debug_info    0x00008607      0x2a7 .\CortexM3\ARM_GCC_541\Debug\FreeRTOS_Demo.a(High_Frequency_PWM_0.o)
 .debug_info    0x000088ae      0x241 .\CortexM3\ARM_GCC_541\Debug\FreeRTOS_Demo.a(isr_High_Frequency_2000Hz.o)
 .debug_info    0x00008aef      0x717 .\CortexM3\ARM_GCC_541\Debug\FreeRTOS_Demo.a(USBUART.o)
 .debug_info    0x00009206      0x924 .\CortexM3\ARM_GCC_541\Debug\FreeRTOS_Demo.a(USBUART_cdc.o)
 .debug_info    0x00009b2a      0x52d .\CortexM3\ARM_GCC_541\Debug\FreeRTOS_Demo.a(USBUART_drv.o)
 .debug_info    0x0000a057      0x23b .\CortexM3\ARM_GCC_541\Debug\FreeRTOS_Demo.a(USBUART_episr.o)
 .debug_info    0x0000a292      0x18d .\CortexM3\ARM_GCC_541\Debug\FreeRTOS_Demo.a(USBUART_pm.o)
 .debug_info    0x0000a41f      0x951 .\CortexM3\ARM_GCC_541\Debug\FreeRTOS_Demo.a(USBUART_std.o)
 .debug_info    0x0000ad70       0xef .\CortexM3\ARM_GCC_541\Debug\FreeRTOS_Demo.a(USBUART_vnd.o)
 .debug_info    0x0000ae5f      0x2a7 .\CortexM3\ARM_GCC_541\Debug\FreeRTOS_Demo.a(High_Frequency_PWM_1.o)
 .debug_info    0x0000b106      0x241 .\CortexM3\ARM_GCC_541\Debug\FreeRTOS_Demo.a(isr_High_Frequency_2001Hz.o)
 .debug_info    0x0000b347      0x245 .\CortexM3\ARM_GCC_541\Debug\FreeRTOS_Demo.a(Timer_20KHz.o)
 .debug_info    0x0000b58c      0x241 .\CortexM3\ARM_GCC_541\Debug\FreeRTOS_Demo.a(isrTimer_20KHz_TC.o)
 .debug_info    0x0000b7cd      0x245 .\CortexM3\ARM_GCC_541\Debug\FreeRTOS_Demo.a(Timer_48MHz.o)
 .debug_info    0x0000ba12      0x25d .\CortexM3\ARM_GCC_541\Debug\FreeRTOS_Demo.a(UART_1_IntClock.o)
 .debug_info    0x0000bc6f      0x171 .\CortexM3\ARM_GCC_541\Debug\FreeRTOS_Demo.a(USBUART_Dp.o)